<html>
<body>
<pre>
<h1>礦ision Build Log</h1>
<h2>Tool Versions:</h2>
IDE-Version: μVision V5.18.0.0
Copyright (C) 2016 ARM Ltd and ARM Germany GmbH. All rights reserved.
License Information: d d, d, LIC=R4HEV-P9JW2-VG67J-U12GA-8HHE5-F68TF
 
Tool Versions:
Toolchain:       MDK-ARM Professional  Version: 5.18
Toolchain Path:  D:\keil5\ARM\ARMCC\Bin
C Compiler:      Armcc.exe V5.06 update 1 (build 61)
Assembler:       Armasm.exe V5.06 update 1 (build 61)
Linker/Locator:  ArmLink.exe V5.06 update 1 (build 61)
Library Manager: ArmAr.exe V5.06 update 1 (build 61)
Hex Converter:   FromElf.exe V5.06 update 1 (build 61)
CPU DLL:         SARMCM3.DLL V5.18
Dialog DLL:      DARMSTM.DLL V1.65.0.0
Target DLL:      CMSIS_AGDI.dll V1.25.7.0
Dialog DLL:      TARMSTM.DLL V1.64.0.0
 
<h2>Project:</h2>
D:\学习\毕业设计\毕设全体文件资料\终端下板代码工程\USER\REMOTE.uvprojx
Project File Date:  05/07/2023

<h2>Output:</h2>
*** Using Compiler 'V5.06 update 1 (build 61)', folder: 'D:\keil5\ARM\ARMCC\Bin'
Build target 'Target 1'
compiling millis.c...
..\Watch\Sensor.h(6): warning:  #1-D: last line of file ends without a newline
  #endif /* ALARMS_H_ */
..\Watch\postdata.h(8): warning:  #1-D: last line of file ends without a newline
  #endif
..\Watch\Net_debug.h(5): warning:  #1295-D: Deprecated declaration mNetDebugOpen - give arg types
  extern void mNetDebugOpen();
..\Watch\Net_debug.h(6): warning:  #1-D: last line of file ends without a newline
  #endif
..\Watch\Build_Server.h(4): warning:  #1295-D: Deprecated declaration mServerOpen - give arg types
  extern void mServerOpen();
..\Watch\Build_Server.h(5): warning:  #1-D: last line of file ends without a newline
  #endif
..\Watch\common.h(115): warning:  #1-D: last line of file ends without a newline
  extern int32_t n_brightness;
..\HARDWARE\DHT11\DHT11.h(21): warning:  #1-D: last line of file ends without a newline
  #endif
..\HARDWARE\TDS\bsp_adc.h(23): warning:  #1295-D: Deprecated declaration TDS_Value_Conversion - give arg types
  extern void TDS_Value_Conversion();
..\Watch\common.h(115): warning:  #1-D: last line of file ends without a newline
  extern int32_t n_brightness;
..\usart\usart3.h(23): warning:  #1-D: last line of file ends without a newline
  #endif
..\Watch\common.h(115): warning:  #1-D: last line of file ends without a newline
  extern int32_t n_brightness;
..\Watch\common.h(115): warning:  #1-D: last line of file ends without a newline
  extern int32_t n_brightness;
..\Watch\millis.c(319): warning:  #223-D: function "c_loop" declared implicitly
  	c_loop(); //循环
..\Watch\millis.c: 14 warnings, 0 errors
linking...
Program Size: Code=41976 RO-data=4964 RW-data=460 ZI-data=14884  
FromELF: creating hex file...
"..\OBJ\REMOTE.axf" - 0 Error(s), 14 Warning(s).

<h2>Collection of Component include folders:</h2>
  D:\学习\毕业设计\毕设全体文件资料\终端下板代码工程\USER\RTE
  D:\keil5\ARM\PACK\Keil\STM32F1xx_DFP\2.3.0\Device\Include

<h2>Collection of Component Files used:</h2>
Build Time Elapsed:  00:00:02
</pre>
</body>
</html>
