<html>
<body>
<pre>
<h1>礦ision Build Log</h1>
<h2>Tool Versions:</h2>
IDE-Version: μVision V5.18.0.0
Copyright (C) 2016 ARM Ltd and ARM Germany GmbH. All rights reserved.
License Information: d d, d, LIC=R4HEV-P9JW2-VG67J-U12GA-8HHE5-F68TF
 
Tool Versions:
Toolchain:       MDK-ARM Professional  Version: 5.18
Toolchain Path:  D:\keil5\ARM\ARMCC\Bin
C Compiler:      Armcc.exe V5.06 update 1 (build 61)
Assembler:       Armasm.exe V5.06 update 1 (build 61)
Linker/Locator:  ArmLink.exe V5.06 update 1 (build 61)
Library Manager: ArmAr.exe V5.06 update 1 (build 61)
Hex Converter:   FromElf.exe V5.06 update 1 (build 61)
CPU DLL:         SARMCM3.DLL V5.18
Dialog DLL:      DCM.DLL V1.13.6.0
Target DLL:      Segger\JL2CM3.dll V2.99.18.0
Dialog DLL:      TCM.DLL V1.14.8.0
 
<h2>Project:</h2>
D:\学习\毕业设计\方案1_GFX+底板\UI工程\UI_Engineering2\DISPLAY\MDK-ARM\DISPLAY.uvprojx
Project File Date:  05/11/2023

<h2>Output:</h2>
*** Using Compiler 'V5.06 update 1 (build 61)', folder: 'D:\keil5\ARM\ARMCC\Bin'
Build target 'DISPLAY'
compiling Screen2View.cpp...
../touchgfx/gui/include/gui/model/Model.hpp(31): warning:  #427-D: qualified name is not allowed in member declaration
  		int Model::GetDebugResult();
../touchgfx/gui/include/gui/screen2_screen/Screen2View.hpp(7): warning:  #611-D: overloaded virtual function "Screen2ViewBase::GraphChanged" is only partially overridden in class "Screen2View"
  class Screen2View : public Screen2ViewBase
../touchgfx/gui/src/screen2_screen/screen2view.cpp(115): warning:  #1-D: last line of file ends without a newline
  }
../touchgfx/gui/src/screen2_screen/screen2view.cpp: 3 warnings, 0 errors
linking...
Program Size: Code=105092 RO-data=1507544 RW-data=292 ZI-data=29692  
FromELF: creating hex file...
After Build - User command #1: srec_cat.exe @splitHex1.cmd
After Build - User command #2: srec_cat.exe @splitHex2.cmd
"DISPLAY\DISPLAY.axf" - 0 Error(s), 3 Warning(s).

<h2>Software Packages used:</h2>

Package Vendor: ARM
                http://www.keil.com/pack/ARM.CMSIS.4.5.0.pack
                ARM::CMSIS:CORE:4.3.0
                CMSIS (Cortex Microcontroller Software Interface Standard)
   * Component: CORE Version: 4.3.0

<h2>Collection of Component include folders:</h2>
  D:\学习\毕业设计\方案1_GFX+底板\UI工程\UI_Engineering2\DISPLAY\MDK-ARM\RTE
  D:\keil5\ARM\PACK\ARM\CMSIS\4.5.0\CMSIS\Include
  D:\keil5\ARM\PACK\Keil\STM32L4xx_DFP\2.6.1\Drivers\CMSIS\Device\ST\STM32L4xx\Include

<h2>Collection of Component Files used:</h2>

   * Component: ARM::CMSIS:CORE:4.3.0
Build Time Elapsed:  00:00:03
</pre>
</body>
</html>
