Component: ARM Compiler 5.06 update 7 (build 960) Tool: armlink [4d3601]

==============================================================================

Image Symbol Table

    Local Symbols

    Symbol Name                              Value     Ov Type        Size  Object(Section)

    .rev16_text                              0x00000000   Section        4  flashprg.o(.rev16_text)
    $v0                                      0x00000000   Number         0  flashprg.o(.rev16_text)
    FlashDev.c                               0x00000000   Number         0  flashdev.o ABSOLUTE
    FlashPrg.c                               0x00000000   Number         0  flashprg.o ABSOLUTE
    FlashPrg.c                               0x00000000   Number         0  flashprg.o ABSOLUTE
    HARDWARE\QSPI\qspi.c                     0x00000000   Number         0  qspi.o ABSOLUTE
    HARDWARE\W25QXX\norflash.c               0x00000000   Number         0  norflash.o ABSOLUTE
    HARDWARE\\QSPI\\qspi.c                   0x00000000   Number         0  qspi.o ABSOLUTE
    HARDWARE\\W25QXX\\norflash.c             0x00000000   Number         0  norflash.o ABSOLUTE
    SYSTEM\\sys\\sys.c                       0x00000000   Number         0  sys.o ABSOLUTE
    SYSTEM\sys\sys.c                         0x00000000   Number         0  sys.o ABSOLUTE
    .rev16_text                              0x00000004   Section        4  qspi.o(.rev16_text)
    $v0                                      0x00000004   Number         0  qspi.o(.rev16_text)
    .rev16_text                              0x00000008   Section        4  norflash.o(.rev16_text)
    $v0                                      0x00000008   Number         0  norflash.o(.rev16_text)
    .rev16_text                              0x0000000c   Section        4  sys.o(.rev16_text)
    $v0                                      0x0000000c   Number         0  sys.o(.rev16_text)
    .revsh_text                              0x00000010   Section        4  flashprg.o(.revsh_text)
    $v0                                      0x00000010   Number         0  flashprg.o(.revsh_text)
    .revsh_text                              0x00000014   Section        4  qspi.o(.revsh_text)
    $v0                                      0x00000014   Number         0  qspi.o(.revsh_text)
    .revsh_text                              0x00000018   Section        4  norflash.o(.revsh_text)
    $v0                                      0x00000018   Number         0  norflash.o(.revsh_text)
    .revsh_text                              0x0000001c   Section        4  sys.o(.revsh_text)
    $v0                                      0x0000001c   Number         0  sys.o(.revsh_text)
    .rrx_text                                0x00000020   Section        6  flashprg.o(.rrx_text)
    $v0                                      0x00000020   Number         0  flashprg.o(.rrx_text)
    .rrx_text                                0x00000028   Section        6  qspi.o(.rrx_text)
    $v0                                      0x00000028   Number         0  qspi.o(.rrx_text)
    .rrx_text                                0x00000030   Section        6  norflash.o(.rrx_text)
    $v0                                      0x00000030   Number         0  norflash.o(.rrx_text)
    .rrx_text                                0x00000038   Section        6  sys.o(.rrx_text)
    $v0                                      0x00000038   Number         0  sys.o(.rrx_text)
    .text                                    0x00000040   Section        0  flashprg.o(.text)
    .text                                    0x000000f0   Section        0  qspi.o(.text)
    .text                                    0x0000041c   Section        0  norflash.o(.text)
    .text                                    0x0000077c   Section        0  sys.o(.text)
    .data                                    0x00000aa8   Section        4  flashprg.o(.data)
    .data                                    0x00000aac   Section        3  norflash.o(.data)
    .bss                                     0x00000ab0   Section     4096  flashprg.o(.bss)
    .constdata                               0x00000ab0   Section     4256  flashdev.o(.constdata)
    .bss                                     0x00001ab0   Section     4096  norflash.o(.bss)

    Global Symbols

    Symbol Name                              Value     Ov Type        Size  Object(Section)

    BuildAttributes$$THM_ISAv4$E$P$D$K$B$S$7EM$VFPv5_D16$PE$PLD8$A:L22UL41UL21$X:L11$S22US41US21$IEEE1$IW$RWPI$~STKCKD$USESV7$~SHL$OSPACE$ROPI$EBA8$STANDARDLIB$REQ8$PRES8$EABIv2 0x00000000   Number         0  anon$$obj.o ABSOLUTE
    __asm___10_FlashPrg_c_Init____REV16      0x00000001   Thumb Code     4  flashprg.o(.rev16_text)
    __asm___6_qspi_c_68b0a1e9____REV16       0x00000005   Thumb Code     4  qspi.o(.rev16_text)
    __asm___10_norflash_c_b47594ca____REV16  0x00000009   Thumb Code     4  norflash.o(.rev16_text)
    __asm___5_sys_c_d144038c____REV16        0x0000000d   Thumb Code     4  sys.o(.rev16_text)
    __asm___10_FlashPrg_c_Init____REVSH      0x00000011   Thumb Code     4  flashprg.o(.revsh_text)
    __asm___6_qspi_c_68b0a1e9____REVSH       0x00000015   Thumb Code     4  qspi.o(.revsh_text)
    __asm___10_norflash_c_b47594ca____REVSH  0x00000019   Thumb Code     4  norflash.o(.revsh_text)
    __asm___5_sys_c_d144038c____REVSH        0x0000001d   Thumb Code     4  sys.o(.revsh_text)
    __asm___10_FlashPrg_c_Init____RRX        0x00000021   Thumb Code     6  flashprg.o(.rrx_text)
    __asm___6_qspi_c_68b0a1e9____RRX         0x00000029   Thumb Code     6  qspi.o(.rrx_text)
    __asm___10_norflash_c_b47594ca____RRX    0x00000031   Thumb Code     6  norflash.o(.rrx_text)
    __asm___5_sys_c_d144038c____RRX          0x00000039   Thumb Code     6  sys.o(.rrx_text)
    Init                                     0x00000041   Thumb Code    34  flashprg.o(.text)
    UnInit                                   0x00000063   Thumb Code     6  flashprg.o(.text)
    EraseChip                                0x00000069   Thumb Code    10  flashprg.o(.text)
    EraseSector                              0x00000073   Thumb Code    22  flashprg.o(.text)
    BlankCheck                               0x00000089   Thumb Code     6  flashprg.o(.text)
    ProgramPage                              0x0000008f   Thumb Code    28  flashprg.o(.text)
    Verify                                   0x000000ab   Thumb Code    62  flashprg.o(.text)
    QSPI_Wait_Flag                           0x000000f1   Thumb Code    48  qspi.o(.text)
    QSPI_Init                                0x00000121   Thumb Code   324  qspi.o(.text)
    QSPI_Send_CMD                            0x00000265   Thumb Code   124  qspi.o(.text)
    QSPI_Receive                             0x000002e1   Thumb Code   156  qspi.o(.text)
    QSPI_Transmit                            0x0000037d   Thumb Code   148  qspi.o(.text)
    NORFLASH_Write_Enable                    0x0000041d   Thumb Code    38  norflash.o(.text)
    NORFLASH_ReadID                          0x00000443   Thumb Code    60  norflash.o(.text)
    NORFLASH_Write_SR                        0x0000047f   Thumb Code    82  norflash.o(.text)
    NORFLASH_ReadSR                          0x000004d1   Thumb Code    90  norflash.o(.text)
    NORFLASH_Qspi_Enable                     0x0000052b   Thumb Code    56  norflash.o(.text)
    NORFLASH_Init                            0x00000563   Thumb Code    62  norflash.o(.text)
    NORFLASH_Qspi_Disable                    0x000005a1   Thumb Code    24  norflash.o(.text)
    NORFLASH_Write_Disable                   0x000005b9   Thumb Code    38  norflash.o(.text)
    NORFLASH_Read                            0x000005df   Thumb Code    30  norflash.o(.text)
    NORFLASH_Wait_Busy                       0x000005fd   Thumb Code    20  norflash.o(.text)
    NORFLASH_Write_Page                      0x00000611   Thumb Code    38  norflash.o(.text)
    NORFLASH_Write_NoCheck                   0x00000637   Thumb Code    70  norflash.o(.text)
    NORFLASH_Erase_Sector                    0x0000067d   Thumb Code    32  norflash.o(.text)
    NORFLASH_Write                           0x0000069d   Thumb Code   182  norflash.o(.text)
    NORFLASH_Erase_Chip                      0x00000753   Thumb Code    28  norflash.o(.text)
    MY_NVIC_SetVectorTable                   0x0000077d   Thumb Code    12  sys.o(.text)
    MY_NVIC_PriorityGroupConfig              0x00000789   Thumb Code    36  sys.o(.text)
    MY_NVIC_Init                             0x000007ad   Thumb Code   116  sys.o(.text)
    GPIO_AF_Set                              0x00000821   Thumb Code    64  sys.o(.text)
    GPIO_Set                                 0x00000861   Thumb Code   222  sys.o(.text)
    Sys_Clock_Set                            0x0000093f   Thumb Code   256  sys.o(.text)
    Stm32_Clock_Init                         0x00000a3f   Thumb Code    74  sys.o(.text)
    base_adr                                 0x00000aa8   Data           4  flashprg.o(.data)
    NORFLASH_TYPE                            0x00000aac   Data           2  norflash.o(.data)
    NORFLASH_QPI_MODE                        0x00000aae   Data           1  norflash.o(.data)
    FlashDevice                              0x00000ab0   Data        4256  flashdev.o(.constdata)
    aux_buf                                  0x00000ab0   Data        4096  flashprg.o(.bss)
    NORFLASH_BUFFER                          0x00001ab0   Data        4096  norflash.o(.bss)



==============================================================================

Memory Map of the image

  Image entry point : Not specified.

  Load Region PRG (Base: 0x00000000, Size: 0x00000ab0, Max: 0xffffffff, PI)

    Execution Region PrgCode (Exec base: 0x00000000, Load base: 0x00000000, Size: 0x00000aa4, Max: 0xffffffff, PI)

    Exec Addr    Load Addr    Size         Type   Attr      Idx    E Section Name        Object

    0x00000000   0x00000000   0x00000004   Code   RO            1    .rev16_text         flashprg.o
    0x00000004   0x00000004   0x00000004   Code   RO           91    .rev16_text         qspi.o
    0x00000008   0x00000008   0x00000004   Code   RO          118    .rev16_text         norflash.o
    0x0000000c   0x0000000c   0x00000004   Code   RO          149    .rev16_text         sys.o
    0x00000010   0x00000010   0x00000004   Code   RO            2    .revsh_text         flashprg.o
    0x00000014   0x00000014   0x00000004   Code   RO           92    .revsh_text         qspi.o
    0x00000018   0x00000018   0x00000004   Code   RO          119    .revsh_text         norflash.o
    0x0000001c   0x0000001c   0x00000004   Code   RO          150    .revsh_text         sys.o
    0x00000020   0x00000020   0x00000006   Code   RO            3    .rrx_text           flashprg.o
    0x00000026   0x00000026   0x00000002   PAD
    0x00000028   0x00000028   0x00000006   Code   RO           93    .rrx_text           qspi.o
    0x0000002e   0x0000002e   0x00000002   PAD
    0x00000030   0x00000030   0x00000006   Code   RO          120    .rrx_text           norflash.o
    0x00000036   0x00000036   0x00000002   PAD
    0x00000038   0x00000038   0x00000006   Code   RO          151    .rrx_text           sys.o
    0x0000003e   0x0000003e   0x00000002   PAD
    0x00000040   0x00000040   0x000000b0   Code   RO            4    .text               flashprg.o
    0x000000f0   0x000000f0   0x0000032c   Code   RO           94    .text               qspi.o
    0x0000041c   0x0000041c   0x00000360   Code   RO          121    .text               norflash.o
    0x0000077c   0x0000077c   0x00000328   Code   RO          152    .text               sys.o


    Execution Region PrgData (Exec base: 0x00000aa4, Load base: 0x00000aa4, Size: 0x0000200c, Max: 0xffffffff, PI)

    Exec Addr    Load Addr    Size         Type   Attr      Idx    E Section Name        Object

    0x00000aa4   0x00000aa4   0x00000004   Data   RW          199    PDT$$ptr            anon$$obj.o
    0x00000aa8   0x00000aa8   0x00000004   Data   RW            6    .data               flashprg.o
    0x00000aac   0x00000aac   0x00000003   Data   RW          123    .data               norflash.o
    0x00000aaf   0x00000aaf   0x00000001   PAD
    0x00000ab0        -       0x00001000   Zero   RW            5    .bss                flashprg.o
    0x00001ab0        -       0x00001000   Zero   RW          122    .bss                norflash.o



  Load Region DSCR (Base: 0x00000ab0, Size: 0x000010a0, Max: 0xffffffff, PI)

    Execution Region DevDscr (Exec base: 0x00000ab0, Load base: 0x00000ab0, Size: 0x000010a0, Max: 0xffffffff, PI)

    Exec Addr    Load Addr    Size         Type   Attr      Idx    E Section Name        Object

    0x00000ab0   0x00000ab0   0x000010a0   Data   RO           82    .constdata          flashdev.o


==============================================================================

Image component sizes


      Code (inc. data)   RO Data    RW Data    ZI Data      Debug   Object Name

         0          0       4256          0          0        522   flashdev.o
       190          8          0          4       4096      10201   flashprg.o
       878         14          0          3       4096       6097   norflash.o
       826         12          0          0          0       4104   qspi.o
       822         28          0          0          0     524942   sys.o

    ----------------------------------------------------------------------
      2724         62       4256         12       8192     545866   Object Totals
         0          0          0          4          0          0   (incl. Generated)
         8          0          0          1          0          0   (incl. Padding)

    ----------------------------------------------------------------------
         0          0          0          0          0          0   Library Totals
         0          0          0          0          0          0   (incl. Padding)

    ----------------------------------------------------------------------

==============================================================================


      Code (inc. data)   RO Data    RW Data    ZI Data      Debug   

      2724         62       4256         12       8192     544410   Grand Totals
      2724         62       4256         12       8192     544410   ELF Image Totals
      2724         62       4256         12          0          0   ROM Totals

==============================================================================

    Total RO  Size (Code + RO Data)                 6980 (   6.82kB)
    Total RW  Size (RW Data + ZI Data)              8204 (   8.01kB)
    Total ROM Size (Code + RO Data + RW Data)       6992 (   6.83kB)

==============================================================================

