Component: ARM Compiler 5.06 update 7 (build 960) Tool: armlink [4d3601]

==============================================================================

Image Symbol Table

    Local Symbols

    Symbol Name                              Value     Ov Type        Size  Object(Section)

    .rev16_text                              0x00000000   Section        4  flashprg.o(.rev16_text)
    $v0                                      0x00000000   Number         0  flashprg.o(.rev16_text)
    FlashDev.c                               0x00000000   Number         0  flashdev.o ABSOLUTE
    FlashPrg.c                               0x00000000   Number         0  flashprg.o ABSOLUTE
    FlashPrg.c                               0x00000000   Number         0  flashprg.o ABSOLUTE
    HARDWARE\QSPI\qspi.c                     0x00000000   Number         0  qspi.o ABSOLUTE
    HARDWARE\W25QXX\norflash.c               0x00000000   Number         0  norflash.o ABSOLUTE
    HARDWARE\\QSPI\\qspi.c                   0x00000000   Number         0  qspi.o ABSOLUTE
    HARDWARE\\W25QXX\\norflash.c             0x00000000   Number         0  norflash.o ABSOLUTE
    SYSTEM\\delay\\delay.c                   0x00000000   Number         0  delay.o ABSOLUTE
    SYSTEM\\sys\\sys.c                       0x00000000   Number         0  sys.o ABSOLUTE
    SYSTEM\delay\delay.c                     0x00000000   Number         0  delay.o ABSOLUTE
    SYSTEM\sys\sys.c                         0x00000000   Number         0  sys.o ABSOLUTE
    .rev16_text                              0x00000004   Section        4  qspi.o(.rev16_text)
    $v0                                      0x00000004   Number         0  qspi.o(.rev16_text)
    .rev16_text                              0x00000008   Section        4  norflash.o(.rev16_text)
    $v0                                      0x00000008   Number         0  norflash.o(.rev16_text)
    .rev16_text                              0x0000000c   Section        4  sys.o(.rev16_text)
    $v0                                      0x0000000c   Number         0  sys.o(.rev16_text)
    .rev16_text                              0x00000010   Section        4  delay.o(.rev16_text)
    $v0                                      0x00000010   Number         0  delay.o(.rev16_text)
    .revsh_text                              0x00000014   Section        4  flashprg.o(.revsh_text)
    $v0                                      0x00000014   Number         0  flashprg.o(.revsh_text)
    .revsh_text                              0x00000018   Section        4  qspi.o(.revsh_text)
    $v0                                      0x00000018   Number         0  qspi.o(.revsh_text)
    .revsh_text                              0x0000001c   Section        4  norflash.o(.revsh_text)
    $v0                                      0x0000001c   Number         0  norflash.o(.revsh_text)
    .revsh_text                              0x00000020   Section        4  sys.o(.revsh_text)
    $v0                                      0x00000020   Number         0  sys.o(.revsh_text)
    .revsh_text                              0x00000024   Section        4  delay.o(.revsh_text)
    $v0                                      0x00000024   Number         0  delay.o(.revsh_text)
    .rrx_text                                0x00000028   Section        6  flashprg.o(.rrx_text)
    $v0                                      0x00000028   Number         0  flashprg.o(.rrx_text)
    .rrx_text                                0x00000030   Section        6  qspi.o(.rrx_text)
    $v0                                      0x00000030   Number         0  qspi.o(.rrx_text)
    .rrx_text                                0x00000038   Section        6  norflash.o(.rrx_text)
    $v0                                      0x00000038   Number         0  norflash.o(.rrx_text)
    .rrx_text                                0x00000040   Section        6  sys.o(.rrx_text)
    $v0                                      0x00000040   Number         0  sys.o(.rrx_text)
    .rrx_text                                0x00000048   Section        6  delay.o(.rrx_text)
    $v0                                      0x00000048   Number         0  delay.o(.rrx_text)
    .text                                    0x00000050   Section        0  flashprg.o(.text)
    .text                                    0x00000108   Section        0  qspi.o(.text)
    .text                                    0x00000434   Section        0  norflash.o(.text)
    .text                                    0x00000794   Section        0  sys.o(.text)
    .text                                    0x00000abc   Section        0  delay.o(.text)
    .data                                    0x00000ba8   Section        4  flashprg.o(.data)
    .data                                    0x00000bac   Section        3  norflash.o(.data)
    .data                                    0x00000bb0   Section        2  delay.o(.data)
    fac_us                                   0x00000bb0   Data           2  delay.o(.data)
    .bss                                     0x00000bb4   Section     4096  flashprg.o(.bss)
    .constdata                               0x00000bb4   Section     4256  flashdev.o(.constdata)
    .bss                                     0x00001bb4   Section     4096  norflash.o(.bss)

    Global Symbols

    Symbol Name                              Value     Ov Type        Size  Object(Section)

    BuildAttributes$$THM_ISAv4$E$P$D$K$B$S$7EM$VFPv5_D16$PE$PLD8$A:L22UL41UL21$X:L11$S22US41US21$IEEE1$IW$RWPI$~STKCKD$USESV7$~SHL$OSPACE$ROPI$EBA8$STANDARDLIB$REQ8$PRES8$EABIv2 0x00000000   Number         0  anon$$obj.o ABSOLUTE
    __asm___10_FlashPrg_c_Init____REV16      0x00000001   Thumb Code     4  flashprg.o(.rev16_text)
    __asm___6_qspi_c_68b0a1e9____REV16       0x00000005   Thumb Code     4  qspi.o(.rev16_text)
    __asm___10_norflash_c_b47594ca____REV16  0x00000009   Thumb Code     4  norflash.o(.rev16_text)
    __asm___5_sys_c_d144038c____REV16        0x0000000d   Thumb Code     4  sys.o(.rev16_text)
    __asm___7_delay_c_f6a9c549____REV16      0x00000011   Thumb Code     4  delay.o(.rev16_text)
    __asm___10_FlashPrg_c_Init____REVSH      0x00000015   Thumb Code     4  flashprg.o(.revsh_text)
    __asm___6_qspi_c_68b0a1e9____REVSH       0x00000019   Thumb Code     4  qspi.o(.revsh_text)
    __asm___10_norflash_c_b47594ca____REVSH  0x0000001d   Thumb Code     4  norflash.o(.revsh_text)
    __asm___5_sys_c_d144038c____REVSH        0x00000021   Thumb Code     4  sys.o(.revsh_text)
    __asm___7_delay_c_f6a9c549____REVSH      0x00000025   Thumb Code     4  delay.o(.revsh_text)
    __asm___10_FlashPrg_c_Init____RRX        0x00000029   Thumb Code     6  flashprg.o(.rrx_text)
    __asm___6_qspi_c_68b0a1e9____RRX         0x00000031   Thumb Code     6  qspi.o(.rrx_text)
    __asm___10_norflash_c_b47594ca____RRX    0x00000039   Thumb Code     6  norflash.o(.rrx_text)
    __asm___5_sys_c_d144038c____RRX          0x00000041   Thumb Code     6  sys.o(.rrx_text)
    __asm___7_delay_c_f6a9c549____RRX        0x00000049   Thumb Code     6  delay.o(.rrx_text)
    Init                                     0x00000051   Thumb Code    42  flashprg.o(.text)
    UnInit                                   0x0000007b   Thumb Code     6  flashprg.o(.text)
    EraseChip                                0x00000081   Thumb Code    10  flashprg.o(.text)
    EraseSector                              0x0000008b   Thumb Code    22  flashprg.o(.text)
    BlankCheck                               0x000000a1   Thumb Code     6  flashprg.o(.text)
    ProgramPage                              0x000000a7   Thumb Code    28  flashprg.o(.text)
    Verify                                   0x000000c3   Thumb Code    62  flashprg.o(.text)
    QSPI_Wait_Flag                           0x00000109   Thumb Code    48  qspi.o(.text)
    QSPI_Init                                0x00000139   Thumb Code   324  qspi.o(.text)
    QSPI_Send_CMD                            0x0000027d   Thumb Code   124  qspi.o(.text)
    QSPI_Receive                             0x000002f9   Thumb Code   156  qspi.o(.text)
    QSPI_Transmit                            0x00000395   Thumb Code   148  qspi.o(.text)
    NORFLASH_Write_Enable                    0x00000435   Thumb Code    38  norflash.o(.text)
    NORFLASH_ReadID                          0x0000045b   Thumb Code    60  norflash.o(.text)
    NORFLASH_Write_SR                        0x00000497   Thumb Code    82  norflash.o(.text)
    NORFLASH_ReadSR                          0x000004e9   Thumb Code    90  norflash.o(.text)
    NORFLASH_Qspi_Enable                     0x00000543   Thumb Code    56  norflash.o(.text)
    NORFLASH_Init                            0x0000057b   Thumb Code    62  norflash.o(.text)
    NORFLASH_Qspi_Disable                    0x000005b9   Thumb Code    24  norflash.o(.text)
    NORFLASH_Write_Disable                   0x000005d1   Thumb Code    38  norflash.o(.text)
    NORFLASH_Read                            0x000005f7   Thumb Code    30  norflash.o(.text)
    NORFLASH_Wait_Busy                       0x00000615   Thumb Code    20  norflash.o(.text)
    NORFLASH_Write_Page                      0x00000629   Thumb Code    38  norflash.o(.text)
    NORFLASH_Write_NoCheck                   0x0000064f   Thumb Code    70  norflash.o(.text)
    NORFLASH_Erase_Sector                    0x00000695   Thumb Code    32  norflash.o(.text)
    NORFLASH_Write                           0x000006b5   Thumb Code   182  norflash.o(.text)
    NORFLASH_Erase_Chip                      0x0000076b   Thumb Code    28  norflash.o(.text)
    MY_NVIC_SetVectorTable                   0x00000795   Thumb Code    12  sys.o(.text)
    MY_NVIC_PriorityGroupConfig              0x000007a1   Thumb Code    36  sys.o(.text)
    MY_NVIC_Init                             0x000007c5   Thumb Code   116  sys.o(.text)
    GPIO_AF_Set                              0x00000839   Thumb Code    64  sys.o(.text)
    GPIO_Set                                 0x00000879   Thumb Code   222  sys.o(.text)
    Sys_Clock_Set                            0x00000957   Thumb Code   256  sys.o(.text)
    Stm32_Clock_Init                         0x00000a57   Thumb Code    74  sys.o(.text)
    delay_init                               0x00000abd   Thumb Code    24  delay.o(.text)
    delay_us                                 0x00000ad5   Thumb Code    74  delay.o(.text)
    delay_xms                                0x00000b1f   Thumb Code    80  delay.o(.text)
    delay_ms                                 0x00000b6f   Thumb Code    50  delay.o(.text)
    base_adr                                 0x00000ba8   Data           4  flashprg.o(.data)
    NORFLASH_TYPE                            0x00000bac   Data           2  norflash.o(.data)
    NORFLASH_QPI_MODE                        0x00000bae   Data           1  norflash.o(.data)
    FlashDevice                              0x00000bb4   Data        4256  flashdev.o(.constdata)
    aux_buf                                  0x00000bb4   Data        4096  flashprg.o(.bss)
    NORFLASH_BUFFER                          0x00001bb4   Data        4096  norflash.o(.bss)



==============================================================================

Memory Map of the image

  Image entry point : Not specified.

  Load Region PRG (Base: 0x00000000, Size: 0x00000bb4, Max: 0xffffffff, PI)

    Execution Region PrgCode (Exec base: 0x00000000, Load base: 0x00000000, Size: 0x00000ba4, Max: 0xffffffff, PI)

    Exec Addr    Load Addr    Size         Type   Attr      Idx    E Section Name        Object

    0x00000000   0x00000000   0x00000004   Code   RO            1    .rev16_text         flashprg.o
    0x00000004   0x00000004   0x00000004   Code   RO           91    .rev16_text         qspi.o
    0x00000008   0x00000008   0x00000004   Code   RO          118    .rev16_text         norflash.o
    0x0000000c   0x0000000c   0x00000004   Code   RO          149    .rev16_text         sys.o
    0x00000010   0x00000010   0x00000004   Code   RO          199    .rev16_text         delay.o
    0x00000014   0x00000014   0x00000004   Code   RO            2    .revsh_text         flashprg.o
    0x00000018   0x00000018   0x00000004   Code   RO           92    .revsh_text         qspi.o
    0x0000001c   0x0000001c   0x00000004   Code   RO          119    .revsh_text         norflash.o
    0x00000020   0x00000020   0x00000004   Code   RO          150    .revsh_text         sys.o
    0x00000024   0x00000024   0x00000004   Code   RO          200    .revsh_text         delay.o
    0x00000028   0x00000028   0x00000006   Code   RO            3    .rrx_text           flashprg.o
    0x0000002e   0x0000002e   0x00000002   PAD
    0x00000030   0x00000030   0x00000006   Code   RO           93    .rrx_text           qspi.o
    0x00000036   0x00000036   0x00000002   PAD
    0x00000038   0x00000038   0x00000006   Code   RO          120    .rrx_text           norflash.o
    0x0000003e   0x0000003e   0x00000002   PAD
    0x00000040   0x00000040   0x00000006   Code   RO          151    .rrx_text           sys.o
    0x00000046   0x00000046   0x00000002   PAD
    0x00000048   0x00000048   0x00000006   Code   RO          201    .rrx_text           delay.o
    0x0000004e   0x0000004e   0x00000002   PAD
    0x00000050   0x00000050   0x000000b8   Code   RO            4    .text               flashprg.o
    0x00000108   0x00000108   0x0000032c   Code   RO           94    .text               qspi.o
    0x00000434   0x00000434   0x00000360   Code   RO          121    .text               norflash.o
    0x00000794   0x00000794   0x00000328   Code   RO          152    .text               sys.o
    0x00000abc   0x00000abc   0x000000e8   Code   RO          202    .text               delay.o


    Execution Region PrgData (Exec base: 0x00000ba4, Load base: 0x00000ba4, Size: 0x00002010, Max: 0xffffffff, PI)

    Exec Addr    Load Addr    Size         Type   Attr      Idx    E Section Name        Object

    0x00000ba4   0x00000ba4   0x00000004   Data   RW          228    PDT$$ptr            anon$$obj.o
    0x00000ba8   0x00000ba8   0x00000004   Data   RW            6    .data               flashprg.o
    0x00000bac   0x00000bac   0x00000003   Data   RW          123    .data               norflash.o
    0x00000baf   0x00000baf   0x00000001   PAD
    0x00000bb0   0x00000bb0   0x00000002   Data   RW          203    .data               delay.o
    0x00000bb2   0x00000bb2   0x00000002   PAD
    0x00000bb4        -       0x00001000   Zero   RW            5    .bss                flashprg.o
    0x00001bb4        -       0x00001000   Zero   RW          122    .bss                norflash.o



  Load Region DSCR (Base: 0x00000bb4, Size: 0x000010a0, Max: 0xffffffff, PI)

    Execution Region DevDscr (Exec base: 0x00000bb4, Load base: 0x00000bb4, Size: 0x000010a0, Max: 0xffffffff, PI)

    Exec Addr    Load Addr    Size         Type   Attr      Idx    E Section Name        Object

    0x00000bb4   0x00000bb4   0x000010a0   Data   RO           82    .constdata          flashdev.o


==============================================================================

Image component sizes


      Code (inc. data)   RO Data    RW Data    ZI Data      Debug   Object Name

       246          4          0          2          0       2669   delay.o
         0          0       4256          0          0        462   flashdev.o
       198          8          0          4       4096      10321   flashprg.o
       878         14          0          3       4096       5929   norflash.o
       826         12          0          0          0       3972   qspi.o
       822         28          0          0          0     525086   sys.o

    ----------------------------------------------------------------------
      2980         66       4256         16       8192     548439   Object Totals
         0          0          0          4          0          0   (incl. Generated)
        10          0          0          3          0          0   (incl. Padding)

    ----------------------------------------------------------------------
         0          0          0          0          0          0   Library Totals
         0          0          0          0          0          0   (incl. Padding)

    ----------------------------------------------------------------------

==============================================================================


      Code (inc. data)   RO Data    RW Data    ZI Data      Debug   

      2980         66       4256         16       8192     546595   Grand Totals
      2980         66       4256         16       8192     546595   ELF Image Totals
      2980         66       4256         16          0          0   ROM Totals

==============================================================================

    Total RO  Size (Code + RO Data)                 7236 (   7.07kB)
    Total RW  Size (RW Data + ZI Data)              8208 (   8.02kB)
    Total ROM Size (Code + RO Data + RW Data)       7252 (   7.08kB)

==============================================================================

