Component: ARM Compiler 5.06 update 1 (build 61) Tool: armlink [4d35a8]

==============================================================================

Section Cross References

    main.o(.text) refers to system_stm32f10x.o(.text) for SystemInit
    main.o(.text) refers to misc.o(.text) for NVIC_PriorityGroupConfig
    main.o(.text) refers to delay.o(.text) for delay_init
    main.o(.text) refers to millis.o(.text) for millis_init
    main.o(.text) refers to buttons.o(.text) for buttons_init
    main.o(.text) refers to usart.o(.text) for Usart1_init
    main.o(.text) refers to usart2.o(.text) for Usart2_Init
    main.o(.text) refers to usart3.o(.text) for Usart3_init
    main.o(.text) refers to wifi.o(.text) for WiFi_ResetIO_Init
    main.o(.text) refers to dht11.o(.text) for DHT11_Init
    main.o(.text) refers to bsp_adc.o(.text) for ADCx_Init
    main.o(.text) refers to max30102.o(.text) for max30102_init
    main.o(.text) refers to stm32f10x_gpio.o(.text) for GPIO_WriteBit
    main.o(.text) refers to mpu6050.o(.text) for MPU_Init
    main.o(.text) refers to printfa.o(i.__0printf) for __2printf
    main.o(.text) refers to inv_mpu.o(.text) for mpu_dmp_init
    main.o(.text) refers to led.o(.text) for led_init
    main.o(.text) refers to beep.o(.text) for buzzer_init
    main.o(.text) refers to time.o(.text) for time_init
    main.o(.text) refers to pwrmgr.o(.text) for pwrmgr_init
    main.o(.text) refers to stm32f10x_rcc.o(.text) for RCC_GetClocksFreq
    main.o(.text) refers to ffltui.o(.text) for __aeabi_ui2f
    main.o(.text) refers to fdiv.o(.text) for __aeabi_fdiv
    main.o(.text) refers to fmul.o(.text) for __aeabi_fmul
    main.o(.text) refers to ffixi.o(.text) for __aeabi_f2iz
    main.o(.text) refers to algorithm.o(.text) for maxim_heart_rate_and_oxygen_saturation
    main.o(.text) refers to main.o(.data) for .data
    main.o(.text) refers to wifi.o(.data) for ServerPort
    main.o(.text) refers to main.o(.bss) for .bss
    main.o(.text) refers to usart3.o(.bss) for USART3_RX_BUF
    main.o(.text) refers to net_debug.o(.data) for Net_debug
    system_stm32f10x.o(.text) refers to system_stm32f10x.o(.data) for .data
    led.o(.text) refers to stm32f10x_rcc.o(.text) for RCC_APB2PeriphClockCmd
    led.o(.text) refers to stm32f10x_gpio.o(.text) for GPIO_PinRemapConfig
    led.o(.text) refers to millis.o(.text) for millis_get
    led.o(.text) refers to appconfig.o(.bss) for appConfig
    led.o(.text) refers to led.o(.data) for .data
    lcd.o(.text) refers to oled_basic.o(.text) for InitGraph
    lcd.o(.text) refers to oled_driver.o(.text) for WriteCmd
    lcd.o(.text) refers to appconfig.o(.bss) for appConfig
    lcd.o(.text) refers to lcd.o(.data) for .data
    beep.o(.text) refers to stm32f10x_rcc.o(.text) for RCC_APB1PeriphClockCmd
    beep.o(.text) refers to stm32f10x_gpio.o(.text) for GPIO_Init
    beep.o(.text) refers to stm32f10x_tim.o(.text) for TIM_TimeBaseInit
    beep.o(.text) refers to millis.o(.text) for millis_get
    beep.o(.text) refers to led.o(.text) for led_flash
    beep.o(.text) refers to beep.o(.data) for .data
    beep.o(.text) refers to appconfig.o(.bss) for appConfig
    usart.o(.text) refers to stm32f10x_rcc.o(.text) for RCC_APB2PeriphClockCmd
    usart.o(.text) refers to stm32f10x_gpio.o(.text) for GPIO_Init
    usart.o(.text) refers to misc.o(.text) for NVIC_Init
    usart.o(.text) refers to stm32f10x_usart.o(.text) for USART_Init
    usart.o(.text) refers to printfa.o(i.__0vsprintf) for vsprintf
    usart.o(.text) refers to strlen.o(.text) for strlen
    usart.o(.text) refers to usart2.o(.text) for u2_printf
    usart.o(.text) refers to memseta.o(.text) for __aeabi_memclr4
    usart.o(.text) refers to usart.o(.bss) for .bss
    usart.o(.text) refers to usart.o(.data) for .data
    usart.o(.text) refers to net_debug.o(.data) for Net_debug
    dht11.o(.text) refers to delay.o(.text) for delay_us
    dht11.o(.text) refers to stm32f10x_rcc.o(.text) for RCC_APB2PeriphClockCmd
    dht11.o(.text) refers to stm32f10x_gpio.o(.text) for GPIO_Init
    bsp_adc.o(.text) refers to stm32f10x_rcc.o(.text) for RCC_AHBPeriphClockCmd
    bsp_adc.o(.text) refers to stm32f10x_dma.o(.text) for DMA_DeInit
    bsp_adc.o(.text) refers to stm32f10x_adc.o(.text) for ADC_Init
    bsp_adc.o(.text) refers to stm32f10x_gpio.o(.text) for GPIO_Init
    bsp_adc.o(.text) refers to ffltui.o(.text) for __aeabi_ui2f
    bsp_adc.o(.text) refers to fdiv.o(.text) for __aeabi_fdiv
    bsp_adc.o(.text) refers to f2d.o(.text) for __aeabi_f2d
    bsp_adc.o(.text) refers to dadd.o(.text) for __aeabi_dsub
    bsp_adc.o(.text) refers to dmul.o(.text) for __aeabi_dmul
    bsp_adc.o(.text) refers to d2f.o(.text) for __aeabi_d2f
    bsp_adc.o(.text) refers to ffixui.o(.text) for __aeabi_f2uiz
    bsp_adc.o(.text) refers to bsp_adc.o(.data) for .data
    bsp_i2c_gpio.o(.text) refers to stm32f10x_rcc.o(.text) for RCC_APB2PeriphClockCmd
    bsp_i2c_gpio.o(.text) refers to stm32f10x_gpio.o(.text) for GPIO_Init
[...]
    dmp_get_fifo_rate                        0x08002e23   Thumb Code    10  inv_mpu_dmp_motion_driver.o(.text)
    dmp_set_tap_thresh                       0x08002e2d   Thumb Code   340  inv_mpu_dmp_motion_driver.o(.text)
    dmp_set_tap_axes                         0x08002f81   Thumb Code    64  inv_mpu_dmp_motion_driver.o(.text)
    dmp_set_tap_count                        0x08002fc1   Thumb Code    34  inv_mpu_dmp_motion_driver.o(.text)
    dmp_set_tap_time                         0x08002fe3   Thumb Code    32  inv_mpu_dmp_motion_driver.o(.text)
    dmp_set_tap_time_multi                   0x08003003   Thumb Code    32  inv_mpu_dmp_motion_driver.o(.text)
    dmp_set_shake_reject_thresh              0x08003023   Thumb Code    48  inv_mpu_dmp_motion_driver.o(.text)
    dmp_set_shake_reject_time                0x08003053   Thumb Code    32  inv_mpu_dmp_motion_driver.o(.text)
    dmp_set_shake_reject_timeout             0x08003073   Thumb Code    32  inv_mpu_dmp_motion_driver.o(.text)
    dmp_get_pedometer_step_count             0x08003093   Thumb Code    48  inv_mpu_dmp_motion_driver.o(.text)
    dmp_set_pedometer_step_count             0x080030c3   Thumb Code    38  inv_mpu_dmp_motion_driver.o(.text)
    dmp_get_pedometer_walk_time              0x080030e9   Thumb Code    54  inv_mpu_dmp_motion_driver.o(.text)
    dmp_set_pedometer_walk_time              0x0800311f   Thumb Code    44  inv_mpu_dmp_motion_driver.o(.text)
    dmp_enable_6x_lp_quat                    0x0800314b   Thumb Code    58  inv_mpu_dmp_motion_driver.o(.text)
    dmp_enable_lp_quat                       0x08003185   Thumb Code    58  inv_mpu_dmp_motion_driver.o(.text)
    dmp_enable_gyro_cal                      0x080031bf   Thumb Code    32  inv_mpu_dmp_motion_driver.o(.text)
    dmp_enable_feature                       0x080031df   Thumb Code   468  inv_mpu_dmp_motion_driver.o(.text)
    dmp_get_enabled_features                 0x080033b3   Thumb Code    10  inv_mpu_dmp_motion_driver.o(.text)
    dmp_set_interrupt_mode                   0x080033bd   Thumb Code    60  inv_mpu_dmp_motion_driver.o(.text)
    dmp_read_fifo                            0x080033f9   Thumb Code   324  inv_mpu_dmp_motion_driver.o(.text)
    dmp_register_tap_cb                      0x0800353d   Thumb Code     8  inv_mpu_dmp_motion_driver.o(.text)
    dmp_register_android_orient_cb           0x08003545   Thumb Code     8  inv_mpu_dmp_motion_driver.o(.text)
    MPU_Write_Byte                           0x08003585   Thumb Code    60  mpu6050.o(.text)
    MPU_Set_LPF                              0x080035c1   Thumb Code    46  mpu6050.o(.text)
    MPU_Set_Rate                             0x080035ef   Thumb Code    44  mpu6050.o(.text)
    MPU_Read_Byte                            0x0800361b   Thumb Code    58  mpu6050.o(.text)
    MPU_Set_Accel_Fsr                        0x08003655   Thumb Code     8  mpu6050.o(.text)
    MPU_Set_Gyro_Fsr                         0x0800365d   Thumb Code     8  mpu6050.o(.text)
    MPU_Init                                 0x08003665   Thumb Code   130  mpu6050.o(.text)
    MPU_Read_Len                             0x080036e7   Thumb Code   106  mpu6050.o(.text)
    MPU_Get_Temperature                      0x08003751   Thumb Code    60  mpu6050.o(.text)
    MPU_Get_Gyroscope                        0x0800378d   Thumb Code    50  mpu6050.o(.text)
    MPU_Get_Accelerometer                    0x080037bf   Thumb Code    50  mpu6050.o(.text)
    MPU_Write_Len                            0x080037f1   Thumb Code    88  mpu6050.o(.text)
    MPU_IIC_Delay                            0x08003861   Thumb Code     6  mpuiic.o(.text)
    MPU_IIC_Init                             0x08003867   Thumb Code    40  mpuiic.o(.text)
    MPU_IIC_Start                            0x0800388f   Thumb Code    58  mpuiic.o(.text)
    MPU_IIC_Stop                             0x080038c9   Thumb Code    60  mpuiic.o(.text)
    MPU_IIC_Wait_Ack                         0x08003905   Thumb Code    84  mpuiic.o(.text)
    MPU_IIC_Ack                              0x08003959   Thumb Code    62  mpuiic.o(.text)
    MPU_IIC_NAck                             0x08003997   Thumb Code    58  mpuiic.o(.text)
    MPU_IIC_Send_Byte                        0x080039d1   Thumb Code    96  mpuiic.o(.text)
    MPU_IIC_Read_Byte                        0x08003a31   Thumb Code   102  mpuiic.o(.text)
    delay_init                               0x08003aa1   Thumb Code    46  delay.o(.text)
    delay_us                                 0x08003acf   Thumb Code    46  delay.o(.text)
    delay_ms                                 0x08003afd   Thumb Code    46  delay.o(.text)
    Reset_Handler                            0x08003b39   Thumb Code     8  startup_stm32f10x_md.o(.text)
    ADC1_2_IRQHandler                        0x08003b53   Thumb Code     0  startup_stm32f10x_md.o(.text)
    CAN1_RX1_IRQHandler                      0x08003b53   Thumb Code     0  startup_stm32f10x_md.o(.text)
    CAN1_SCE_IRQHandler                      0x08003b53   Thumb Code     0  startup_stm32f10x_md.o(.text)
    DMA1_Channel1_IRQHandler                 0x08003b53   Thumb Code     0  startup_stm32f10x_md.o(.text)
    DMA1_Channel2_IRQHandler                 0x08003b53   Thumb Code     0  startup_stm32f10x_md.o(.text)
    DMA1_Channel3_IRQHandler                 0x08003b53   Thumb Code     0  startup_stm32f10x_md.o(.text)
    DMA1_Channel4_IRQHandler                 0x08003b53   Thumb Code     0  startup_stm32f10x_md.o(.text)
    DMA1_Channel5_IRQHandler                 0x08003b53   Thumb Code     0  startup_stm32f10x_md.o(.text)
    DMA1_Channel6_IRQHandler                 0x08003b53   Thumb Code     0  startup_stm32f10x_md.o(.text)
    DMA1_Channel7_IRQHandler                 0x08003b53   Thumb Code     0  startup_stm32f10x_md.o(.text)
    EXTI0_IRQHandler                         0x08003b53   Thumb Code     0  startup_stm32f10x_md.o(.text)
    EXTI15_10_IRQHandler                     0x08003b53   Thumb Code     0  startup_stm32f10x_md.o(.text)
    EXTI1_IRQHandler                         0x08003b53   Thumb Code     0  startup_stm32f10x_md.o(.text)
    EXTI2_IRQHandler                         0x08003b53   Thumb Code     0  startup_stm32f10x_md.o(.text)
    EXTI3_IRQHandler                         0x08003b53   Thumb Code     0  startup_stm32f10x_md.o(.text)
    EXTI4_IRQHandler                         0x08003b53   Thumb Code     0  startup_stm32f10x_md.o(.text)
    EXTI9_5_IRQHandler                       0x08003b53   Thumb Code     0  startup_stm32f10x_md.o(.text)
    FLASH_IRQHandler                         0x08003b53   Thumb Code     0  startup_stm32f10x_md.o(.text)
    I2C1_ER_IRQHandler                       0x08003b53   Thumb Code     0  startup_stm32f10x_md.o(.text)
    I2C1_EV_IRQHandler                       0x08003b53   Thumb Code     0  startup_stm32f10x_md.o(.text)
    I2C2_ER_IRQHandler                       0x08003b53   Thumb Code     0  startup_stm32f10x_md.o(.text)
    I2C2_EV_IRQHandler                       0x08003b53   Thumb Code     0  startup_stm32f10x_md.o(.text)
    PVD_IRQHandler                           0x08003b53   Thumb Code     0  startup_stm32f10x_md.o(.text)
    RCC_IRQHandler                           0x08003b53   Thumb Code     0  startup_stm32f10x_md.o(.text)
    RTCAlarm_IRQHandler                      0x08003b53   Thumb Code     0  startup_stm32f10x_md.o(.text)
    RTC_IRQHandler                           0x08003b53   Thumb Code     0  startup_stm32f10x_md.o(.text)
    SPI1_IRQHandler                          0x08003b53   Thumb Code     0  startup_stm32f10x_md.o(.text)
    SPI2_IRQHandler                          0x08003b53   Thumb Code     0  startup_stm32f10x_md.o(.text)
    TAMPER_IRQHandler                        0x08003b53   Thumb Code     0  startup_stm32f10x_md.o(.text)
    TIM1_BRK_IRQHandler                      0x08003b53   Thumb Code     0  startup_stm32f10x_md.o(.text)
    TIM1_CC_IRQHandler                       0x08003b53   Thumb Code     0  startup_stm32f10x_md.o(.text)
    TIM1_TRG_COM_IRQHandler                  0x08003b53   Thumb Code     0  startup_stm32f10x_md.o(.text)
    TIM1_UP_IRQHandler                       0x08003b53   Thumb Code     0  startup_stm32f10x_md.o(.text)
    TIM3_IRQHandler                          0x08003b53   Thumb Code     0  startup_stm32f10x_md.o(.text)
    USBWakeUp_IRQHandler                     0x08003b53   Thumb Code     0  startup_stm32f10x_md.o(.text)
    USB_HP_CAN1_TX_IRQHandler                0x08003b53   Thumb Code     0  startup_stm32f10x_md.o(.text)
    USB_LP_CAN1_RX0_IRQHandler               0x08003b53   Thumb Code     0  startup_stm32f10x_md.o(.text)
    WWDG_IRQHandler                          0x08003b53   Thumb Code     0  startup_stm32f10x_md.o(.text)
    GPIO_DeInit                              0x08003b5d   Thumb Code   152  stm32f10x_gpio.o(.text)
    GPIO_AFIODeInit                          0x08003bf5   Thumb Code    22  stm32f10x_gpio.o(.text)
    GPIO_Init                                0x08003c0b   Thumb Code   156  stm32f10x_gpio.o(.text)
    GPIO_StructInit                          0x08003ca7   Thumb Code    16  stm32f10x_gpio.o(.text)
    GPIO_ReadInputDataBit                    0x08003cb7   Thumb Code    14  stm32f10x_gpio.o(.text)
    GPIO_ReadInputData                       0x08003cc5   Thumb Code     6  stm32f10x_gpio.o(.text)
    GPIO_ReadOutputDataBit                   0x08003ccb   Thumb Code    14  stm32f10x_gpio.o(.text)
    GPIO_ReadOutputData                      0x08003cd9   Thumb Code     6  stm32f10x_gpio.o(.text)
    GPIO_SetBits                             0x08003cdf   Thumb Code     4  stm32f10x_gpio.o(.text)
    GPIO_ResetBits                           0x08003ce3   Thumb Code     4  stm32f10x_gpio.o(.text)
    GPIO_WriteBit                            0x08003ce7   Thumb Code    10  stm32f10x_gpio.o(.text)
    GPIO_Write                               0x08003cf1   Thumb Code     4  stm32f10x_gpio.o(.text)
    GPIO_PinLockConfig                       0x08003cf5   Thumb Code    16  stm32f10x_gpio.o(.text)
    GPIO_EventOutputConfig                   0x08003d05   Thumb Code    22  stm32f10x_gpio.o(.text)
    GPIO_EventOutputCmd                      0x08003d1b   Thumb Code     6  stm32f10x_gpio.o(.text)
    GPIO_PinRemapConfig                      0x08003d21   Thumb Code    82  stm32f10x_gpio.o(.text)
    GPIO_EXTILineConfig                      0x08003d73   Thumb Code    34  stm32f10x_gpio.o(.text)
    GPIO_ETH_MediaInterfaceConfig            0x08003d95   Thumb Code     8  stm32f10x_gpio.o(.text)
    RCC_DeInit                               0x08003dc1   Thumb Code    50  stm32f10x_rcc.o(.text)
    RCC_HSEConfig                            0x08003df3   Thumb Code    48  stm32f10x_rcc.o(.text)
    RCC_GetFlagStatus                        0x08003e23   Thumb Code    42  stm32f10x_rcc.o(.text)
    RCC_WaitForHSEStartUp                    0x08003e4d   Thumb Code    44  stm32f10x_rcc.o(.text)
    RCC_AdjustHSICalibrationValue            0x08003e79   Thumb Code    16  stm32f10x_rcc.o(.text)
    RCC_HSICmd                               0x08003e89   Thumb Code     6  stm32f10x_rcc.o(.text)
    RCC_PLLConfig                            0x08003e8f   Thumb Code    16  stm32f10x_rcc.o(.text)
    RCC_PLLCmd                               0x08003e9f   Thumb Code     6  stm32f10x_rcc.o(.text)
    RCC_SYSCLKConfig                         0x08003ea5   Thumb Code    14  stm32f10x_rcc.o(.text)
    RCC_GetSYSCLKSource                      0x08003eb3   Thumb Code    10  stm32f10x_rcc.o(.text)
    RCC_HCLKConfig                           0x08003ebd   Thumb Code    14  stm32f10x_rcc.o(.text)
    RCC_PCLK1Config                          0x08003ecb   Thumb Code    14  stm32f10x_rcc.o(.text)
    RCC_PCLK2Config                          0x08003ed9   Thumb Code    16  stm32f10x_rcc.o(.text)
    RCC_ITConfig                             0x08003ee9   Thumb Code    18  stm32f10x_rcc.o(.text)
    RCC_USBCLKConfig                         0x08003efb   Thumb Code     8  stm32f10x_rcc.o(.text)
    RCC_ADCCLKConfig                         0x08003f03   Thumb Code    14  stm32f10x_rcc.o(.text)
    RCC_LSEConfig                            0x08003f11   Thumb Code    28  stm32f10x_rcc.o(.text)
    RCC_LSICmd                               0x08003f2d   Thumb Code     6  stm32f10x_rcc.o(.text)
    RCC_RTCCLKConfig                         0x08003f33   Thumb Code    10  stm32f10x_rcc.o(.text)
    RCC_RTCCLKCmd                            0x08003f3d   Thumb Code     8  stm32f10x_rcc.o(.text)
    RCC_GetClocksFreq                        0x08003f45   Thumb Code   132  stm32f10x_rcc.o(.text)
    RCC_AHBPeriphClockCmd                    0x08003fc9   Thumb Code    18  stm32f10x_rcc.o(.text)
    RCC_APB2PeriphClockCmd                   0x08003fdb   Thumb Code    18  stm32f10x_rcc.o(.text)
    RCC_APB1PeriphClockCmd                   0x08003fed   Thumb Code    18  stm32f10x_rcc.o(.text)
    RCC_APB2PeriphResetCmd                   0x08003fff   Thumb Code    18  stm32f10x_rcc.o(.text)
    RCC_APB1PeriphResetCmd                   0x08004011   Thumb Code    18  stm32f10x_rcc.o(.text)
    RCC_BackupResetCmd                       0x08004023   Thumb Code     8  stm32f10x_rcc.o(.text)
    RCC_ClockSecuritySystemCmd               0x0800402b   Thumb Code     6  stm32f10x_rcc.o(.text)
    RCC_MCOConfig                            0x08004031   Thumb Code     6  stm32f10x_rcc.o(.text)
    RCC_ClearFlag                            0x08004037   Thumb Code    12  stm32f10x_rcc.o(.text)
    RCC_GetITStatus                          0x08004043   Thumb Code    16  stm32f10x_rcc.o(.text)
    RCC_ClearITPendingBit                    0x08004053   Thumb Code     6  stm32f10x_rcc.o(.text)
    USART_DeInit                             0x08004079   Thumb Code    96  stm32f10x_usart.o(.text)
    USART_Init                               0x080040d9   Thumb Code   166  stm32f10x_usart.o(.text)
    USART_StructInit                         0x0800417f   Thumb Code    22  stm32f10x_usart.o(.text)
    USART_ClockInit                          0x08004195   Thumb Code    30  stm32f10x_usart.o(.text)
    USART_ClockStructInit                    0x080041b3   Thumb Code    12  stm32f10x_usart.o(.text)
    USART_Cmd                                0x080041bf   Thumb Code    20  stm32f10x_usart.o(.text)
    USART_ITConfig                           0x080041d3   Thumb Code    48  stm32f10x_usart.o(.text)
    USART_DMACmd                             0x08004203   Thumb Code    16  stm32f10x_usart.o(.text)
    USART_SetAddress                         0x08004213   Thumb Code    16  stm32f10x_usart.o(.text)
    USART_WakeUpConfig                       0x08004223   Thumb Code    16  stm32f10x_usart.o(.text)
    USART_ReceiverWakeUpCmd                  0x08004233   Thumb Code    20  stm32f10x_usart.o(.text)
    USART_LINBreakDetectLengthConfig         0x08004247   Thumb Code    16  stm32f10x_usart.o(.text)
    USART_LINCmd                             0x08004257   Thumb Code    20  stm32f10x_usart.o(.text)
    USART_SendData                           0x0800426b   Thumb Code     8  stm32f10x_usart.o(.text)
    USART_ReceiveData                        0x08004273   Thumb Code     8  stm32f10x_usart.o(.text)
    USART_SendBreak                          0x0800427b   Thumb Code    10  stm32f10x_usart.o(.text)
    USART_SetGuardTime                       0x08004285   Thumb Code    16  stm32f10x_usart.o(.text)
    USART_SetPrescaler                       0x08004295   Thumb Code    16  stm32f10x_usart.o(.text)
    USART_SmartCardCmd                       0x080042a5   Thumb Code    20  stm32f10x_usart.o(.text)
    USART_SmartCardNACKCmd                   0x080042b9   Thumb Code    20  stm32f10x_usart.o(.text)
    USART_HalfDuplexCmd                      0x080042cd   Thumb Code    20  stm32f10x_usart.o(.text)
    USART_OverSampling8Cmd                   0x080042e1   Thumb Code    20  stm32f10x_usart.o(.text)
    USART_OneBitMethodCmd                    0x080042f5   Thumb Code    20  stm32f10x_usart.o(.text)
    USART_IrDAConfig                         0x08004309   Thumb Code    16  stm32f10x_usart.o(.text)
    USART_IrDACmd                            0x08004319   Thumb Code    20  stm32f10x_usart.o(.text)
    USART_GetFlagStatus                      0x0800432d   Thumb Code    14  stm32f10x_usart.o(.text)
    USART_ClearFlag                          0x0800433b   Thumb Code     6  stm32f10x_usart.o(.text)
    USART_GetITStatus                        0x08004341   Thumb Code    62  stm32f10x_usart.o(.text)
    USART_ClearITPendingBit                  0x0800437f   Thumb Code    12  stm32f10x_usart.o(.text)
    NVIC_PriorityGroupConfig                 0x080043a1   Thumb Code    10  misc.o(.text)
    NVIC_Init                                0x080043ab   Thumb Code    94  misc.o(.text)
    NVIC_SetVectorTable                      0x08004409   Thumb Code    14  misc.o(.text)
    NVIC_SystemLPConfig                      0x08004417   Thumb Code    20  misc.o(.text)
    SysTick_CLKSourceConfig                  0x0800442b   Thumb Code    24  misc.o(.text)
    TIM_DeInit                               0x08004451   Thumb Code   304  stm32f10x_tim.o(.text)
    TIM_TimeBaseInit                         0x08004581   Thumb Code   114  stm32f10x_tim.o(.text)
    TIM_OC1Init                              0x080045f3   Thumb Code   106  stm32f10x_tim.o(.text)
    TIM_OC2Init                              0x0800465d   Thumb Code   120  stm32f10x_tim.o(.text)
    TIM_OC3Init                              0x080046d5   Thumb Code   116  stm32f10x_tim.o(.text)
    TIM_OC4Init                              0x08004749   Thumb Code    90  stm32f10x_tim.o(.text)
    TIM_SetIC4Prescaler                      0x080047a3   Thumb Code    24  stm32f10x_tim.o(.text)
    TIM_SetIC3Prescaler                      0x080047bb   Thumb Code    16  stm32f10x_tim.o(.text)
    TIM_SetIC2Prescaler                      0x080047cb   Thumb Code    24  stm32f10x_tim.o(.text)
    TIM_SetIC1Prescaler                      0x08004889   Thumb Code    16  stm32f10x_tim.o(.text)
    TIM_ICInit                               0x080048f1   Thumb Code   270  stm32f10x_tim.o(.text)
    TIM_PWMIConfig                           0x080049ff   Thumb Code   104  stm32f10x_tim.o(.text)
    TIM_BDTRConfig                           0x08004a67   Thumb Code    34  stm32f10x_tim.o(.text)
    TIM_TimeBaseStructInit                   0x08004a89   Thumb Code    18  stm32f10x_tim.o(.text)
    TIM_OCStructInit                         0x08004a9b   Thumb Code    20  stm32f10x_tim.o(.text)
    TIM_ICStructInit                         0x08004aaf   Thumb Code    16  stm32f10x_tim.o(.text)
    TIM_BDTRStructInit                       0x08004abf   Thumb Code    18  stm32f10x_tim.o(.text)
    TIM_Cmd                                  0x08004ad1   Thumb Code    20  stm32f10x_tim.o(.text)
    TIM_CtrlPWMOutputs                       0x08004ae5   Thumb Code    22  stm32f10x_tim.o(.text)
    TIM_ITConfig                             0x08004afb   Thumb Code    16  stm32f10x_tim.o(.text)
    TIM_GenerateEvent                        0x08004b0b   Thumb Code     4  stm32f10x_tim.o(.text)
    TIM_DMAConfig                            0x08004b0f   Thumb Code     8  stm32f10x_tim.o(.text)
    TIM_DMACmd                               0x08004b17   Thumb Code    16  stm32f10x_tim.o(.text)
    TIM_InternalClockConfig                  0x08004b27   Thumb Code    10  stm32f10x_tim.o(.text)
    TIM_SelectInputTrigger                   0x08004b31   Thumb Code    12  stm32f10x_tim.o(.text)
    TIM_ITRxExternalClockConfig              0x08004b3d   Thumb Code    18  stm32f10x_tim.o(.text)
    TIM_TIxExternalClockConfig               0x08004b4f   Thumb Code    46  stm32f10x_tim.o(.text)
    TIM_ETRConfig                            0x08004b7d   Thumb Code    24  stm32f10x_tim.o(.text)
    TIM_ETRClockMode1Config                  0x08004b95   Thumb Code    18  stm32f10x_tim.o(.text)
    TIM_ETRClockMode2Config                  0x08004ba7   Thumb Code    18  stm32f10x_tim.o(.text)
    TIM_PrescalerConfig                      0x08004bb9   Thumb Code     6  stm32f10x_tim.o(.text)
    TIM_CounterModeConfig                    0x08004bbf   Thumb Code    12  stm32f10x_tim.o(.text)
    TIM_EncoderInterfaceConfig               0x08004bcb   Thumb Code    50  stm32f10x_tim.o(.text)
    TIM_ForcedOC1Config                      0x08004bfd   Thumb Code    12  stm32f10x_tim.o(.text)
    TIM_ForcedOC2Config                      0x08004c09   Thumb Code    20  stm32f10x_tim.o(.text)
    TIM_ForcedOC3Config                      0x08004c1d   Thumb Code    12  stm32f10x_tim.o(.text)
    TIM_ForcedOC4Config                      0x08004c29   Thumb Code    20  stm32f10x_tim.o(.text)
    TIM_ARRPreloadConfig                     0x08004c3d   Thumb Code    20  stm32f10x_tim.o(.text)
    TIM_SelectCOM                            0x08004c51   Thumb Code    20  stm32f10x_tim.o(.text)
    TIM_SelectCCDMA                          0x08004c65   Thumb Code    20  stm32f10x_tim.o(.text)
    TIM_CCPreloadControl                     0x08004c79   Thumb Code    20  stm32f10x_tim.o(.text)
    TIM_OC1PreloadConfig                     0x08004c8d   Thumb Code    32  stm32f10x_tim.o(.text)
    TIM_OC2PreloadConfig                     0x08004cad   Thumb Code    20  stm32f10x_tim.o(.text)
    TIM_OC3PreloadConfig                     0x08004cc1   Thumb Code    12  stm32f10x_tim.o(.text)
    TIM_OC4PreloadConfig                     0x08004ccd   Thumb Code    20  stm32f10x_tim.o(.text)
    TIM_OC1FastConfig                        0x08004ce1   Thumb Code    12  stm32f10x_tim.o(.text)
    TIM_OC2FastConfig                        0x08004ced   Thumb Code    20  stm32f10x_tim.o(.text)
    TIM_OC3FastConfig                        0x08004d01   Thumb Code    12  stm32f10x_tim.o(.text)
    TIM_OC4FastConfig                        0x08004d0d   Thumb Code    20  stm32f10x_tim.o(.text)
    TIM_ClearOC1Ref                          0x08004d21   Thumb Code    12  stm32f10x_tim.o(.text)
    TIM_ClearOC2Ref                          0x08004d2d   Thumb Code    20  stm32f10x_tim.o(.text)
    TIM_ClearOC3Ref                          0x08004d41   Thumb Code    12  stm32f10x_tim.o(.text)
    TIM_ClearOC4Ref                          0x08004d4d   Thumb Code    20  stm32f10x_tim.o(.text)
    TIM_OC1PolarityConfig                    0x08004d61   Thumb Code    12  stm32f10x_tim.o(.text)
    TIM_OC1NPolarityConfig                   0x08004d6d   Thumb Code    12  stm32f10x_tim.o(.text)
    TIM_OC2PolarityConfig                    0x08004d79   Thumb Code    20  stm32f10x_tim.o(.text)
    TIM_OC2NPolarityConfig                   0x08004d8d   Thumb Code    20  stm32f10x_tim.o(.text)
    TIM_OC3PolarityConfig                    0x08004da1   Thumb Code    20  stm32f10x_tim.o(.text)
    TIM_OC3NPolarityConfig                   0x08004db5   Thumb Code    20  stm32f10x_tim.o(.text)
    TIM_OC4PolarityConfig                    0x08004dc9   Thumb Code    20  stm32f10x_tim.o(.text)
    TIM_CCxCmd                               0x08004ddd   Thumb Code    22  stm32f10x_tim.o(.text)
    TIM_CCxNCmd                              0x08004df3   Thumb Code    22  stm32f10x_tim.o(.text)
    TIM_SelectOCxM                           0x08004e09   Thumb Code    70  stm32f10x_tim.o(.text)
    TIM_UpdateDisableConfig                  0x08004e4f   Thumb Code    20  stm32f10x_tim.o(.text)
    TIM_UpdateRequestConfig                  0x08004e63   Thumb Code    20  stm32f10x_tim.o(.text)
    TIM_SelectHallSensor                     0x08004e77   Thumb Code    20  stm32f10x_tim.o(.text)
    TIM_SelectOnePulseMode                   0x08004e8b   Thumb Code    16  stm32f10x_tim.o(.text)
    TIM_SelectOutputTrigger                  0x08004e9b   Thumb Code    16  stm32f10x_tim.o(.text)
    TIM_SelectSlaveMode                      0x08004eab   Thumb Code    16  stm32f10x_tim.o(.text)
    TIM_SelectMasterSlaveMode                0x08004ebb   Thumb Code    16  stm32f10x_tim.o(.text)
    TIM_SetCounter                           0x08004ecb   Thumb Code     4  stm32f10x_tim.o(.text)
    TIM_SetAutoreload                        0x08004ecf   Thumb Code     4  stm32f10x_tim.o(.text)
    TIM_SetCompare1                          0x08004ed3   Thumb Code     4  stm32f10x_tim.o(.text)
    TIM_SetCompare2                          0x08004ed7   Thumb Code     4  stm32f10x_tim.o(.text)
    TIM_SetCompare3                          0x08004edb   Thumb Code     4  stm32f10x_tim.o(.text)
    TIM_SetCompare4                          0x08004edf   Thumb Code     6  stm32f10x_tim.o(.text)
    TIM_SetClockDivision                     0x08004ee5   Thumb Code    16  stm32f10x_tim.o(.text)
    TIM_GetCapture1                          0x08004ef5   Thumb Code     4  stm32f10x_tim.o(.text)
    TIM_GetCapture2                          0x08004ef9   Thumb Code     4  stm32f10x_tim.o(.text)
    TIM_GetCapture3                          0x08004efd   Thumb Code     4  stm32f10x_tim.o(.text)
    TIM_GetCapture4                          0x08004f01   Thumb Code     6  stm32f10x_tim.o(.text)
    TIM_GetCounter                           0x08004f07   Thumb Code     4  stm32f10x_tim.o(.text)
    TIM_GetPrescaler                         0x08004f0b   Thumb Code     4  stm32f10x_tim.o(.text)
    TIM_GetFlagStatus                        0x08004f0f   Thumb Code    14  stm32f10x_tim.o(.text)
    TIM_ClearFlag                            0x08004f1d   Thumb Code     6  stm32f10x_tim.o(.text)
    TIM_GetITStatus                          0x08004f23   Thumb Code    24  stm32f10x_tim.o(.text)
    TIM_ClearITPendingBit                    0x08004f3b   Thumb Code     6  stm32f10x_tim.o(.text)
    ADC_DeInit                               0x08004f41   Thumb Code    56  stm32f10x_adc.o(.text)
    ADC_Init                                 0x08004f79   Thumb Code    62  stm32f10x_adc.o(.text)
    ADC_StructInit                           0x08004fb7   Thumb Code    18  stm32f10x_adc.o(.text)
    ADC_Cmd                                  0x08004fc9   Thumb Code    20  stm32f10x_adc.o(.text)
    ADC_DMACmd                               0x08004fdd   Thumb Code    20  stm32f10x_adc.o(.text)
    ADC_ITConfig                             0x08004ff1   Thumb Code    18  stm32f10x_adc.o(.text)
    ADC_ResetCalibration                     0x08005003   Thumb Code    10  stm32f10x_adc.o(.text)
    ADC_GetResetCalibrationStatus            0x0800500d   Thumb Code    14  stm32f10x_adc.o(.text)
    ADC_StartCalibration                     0x0800501b   Thumb Code    10  stm32f10x_adc.o(.text)
    ADC_GetCalibrationStatus                 0x08005025   Thumb Code    14  stm32f10x_adc.o(.text)
    ADC_SoftwareStartConvCmd                 0x08005033   Thumb Code    20  stm32f10x_adc.o(.text)
    ADC_GetSoftwareStartConvStatus           0x08005047   Thumb Code    14  stm32f10x_adc.o(.text)
    ADC_DiscModeChannelCountConfig           0x08005055   Thumb Code    16  stm32f10x_adc.o(.text)
    ADC_DiscModeCmd                          0x08005065   Thumb Code    20  stm32f10x_adc.o(.text)
    ADC_RegularChannelConfig                 0x08005079   Thumb Code   116  stm32f10x_adc.o(.text)
    ADC_ExternalTrigConvCmd                  0x080050ed   Thumb Code    20  stm32f10x_adc.o(.text)
    ADC_GetConversionValue                   0x08005101   Thumb Code     6  stm32f10x_adc.o(.text)
    ADC_GetDualModeConversionValue           0x08005107   Thumb Code     8  stm32f10x_adc.o(.text)
    ADC_AutoInjectedConvCmd                  0x0800510f   Thumb Code    20  stm32f10x_adc.o(.text)
    ADC_InjectedDiscModeCmd                  0x08005123   Thumb Code    20  stm32f10x_adc.o(.text)
    ADC_ExternalTrigInjectedConvConfig       0x08005137   Thumb Code    12  stm32f10x_adc.o(.text)
    ADC_ExternalTrigInjectedConvCmd          0x08005143   Thumb Code    20  stm32f10x_adc.o(.text)
    ADC_SoftwareStartInjectedConvCmd         0x08005157   Thumb Code    20  stm32f10x_adc.o(.text)
    ADC_GetSoftwareStartInjectedConvCmdStatus 0x0800516b   Thumb Code    14  stm32f10x_adc.o(.text)
    ADC_InjectedChannelConfig                0x08005179   Thumb Code    74  stm32f10x_adc.o(.text)
    ADC_InjectedSequencerLengthConfig        0x080051c3   Thumb Code    16  stm32f10x_adc.o(.text)
    ADC_SetInjectedOffset                    0x080051d3   Thumb Code    10  stm32f10x_adc.o(.text)
    ADC_GetInjectedConversionValue           0x080051dd   Thumb Code    14  stm32f10x_adc.o(.text)
    ADC_AnalogWatchdogCmd                    0x080051eb   Thumb Code    12  stm32f10x_adc.o(.text)
    ADC_AnalogWatchdogThresholdsConfig       0x080051f7   Thumb Code     6  stm32f10x_adc.o(.text)
    ADC_AnalogWatchdogSingleChannelConfig    0x080051fd   Thumb Code    12  stm32f10x_adc.o(.text)
    ADC_TempSensorVrefintCmd                 0x08005209   Thumb Code    24  stm32f10x_adc.o(.text)
    ADC_GetFlagStatus                        0x08005221   Thumb Code    14  stm32f10x_adc.o(.text)
    ADC_ClearFlag                            0x0800522f   Thumb Code     6  stm32f10x_adc.o(.text)
    ADC_GetITStatus                          0x08005235   Thumb Code    28  stm32f10x_adc.o(.text)
    ADC_ClearITPendingBit                    0x08005251   Thumb Code     8  stm32f10x_adc.o(.text)
    DMA_DeInit                               0x08005271   Thumb Code   218  stm32f10x_dma.o(.text)
    DMA_Init                                 0x0800534b   Thumb Code    58  stm32f10x_dma.o(.text)
    DMA_StructInit                           0x08005385   Thumb Code    26  stm32f10x_dma.o(.text)
    DMA_Cmd                                  0x0800539f   Thumb Code    22  stm32f10x_dma.o(.text)
    DMA_ITConfig                             0x080053b5   Thumb Code    16  stm32f10x_dma.o(.text)
    DMA_SetCurrDataCounter                   0x080053c5   Thumb Code     4  stm32f10x_dma.o(.text)
    DMA_GetCurrDataCounter                   0x080053c9   Thumb Code     6  stm32f10x_dma.o(.text)
    DMA_GetFlagStatus                        0x080053cf   Thumb Code    28  stm32f10x_dma.o(.text)
    DMA_ClearFlag                            0x080053eb   Thumb Code    20  stm32f10x_dma.o(.text)
    DMA_GetITStatus                          0x080053ff   Thumb Code    28  stm32f10x_dma.o(.text)
    DMA_ClearITPendingBit                    0x0800541b   Thumb Code    20  stm32f10x_dma.o(.text)
    animation_init                           0x08005439   Thumb Code    10  animation.o(.text)
    animation_update                         0x08005443   Thumb Code   120  animation.o(.text)
    animation_start                          0x080054bb   Thumb Code    34  animation.o(.text)
    animation_active                         0x080054dd   Thumb Code     6  animation.o(.text)
    animation_movingOn                       0x080054e3   Thumb Code    14  animation.o(.text)
    animation_offsetY                        0x080054f1   Thumb Code     6  animation.o(.text)
    buttons_startup                          0x08005501   Thumb Code    70  buttons.o(.text)
    buttons_init                             0x08005547   Thumb Code    22  buttons.o(.text)
    buttons_update                           0x0800555d   Thumb Code    28  buttons.o(.text)
    buttons_shutdown                         0x08005579   Thumb Code     2  buttons.o(.text)
    buttons_setFunc                          0x0800557b   Thumb Code    12  buttons.o(.text)
    buttons_setFuncs                         0x08005587   Thumb Code    10  buttons.o(.text)
    buttons_isActive                         0x08005591   Thumb Code    58  buttons.o(.text)
    buttons_wake                             0x080055cb   Thumb Code    44  buttons.o(.text)
    display_set                              0x080056b9   Thumb Code     6  display.o(.text)
    display_load                             0x080056bf   Thumb Code    12  display.o(.text)
    display_setDrawFunc                      0x080056cb   Thumb Code    10  display.o(.text)
    display_update                           0x080057eb   Thumb Code   124  display.o(.text)
    display_startCRTAnim                     0x08005867   Thumb Code    50  display.o(.text)
    draw_bitmap                              0x080058a9   Thumb Code   292  draw.o(.text)
    draw_string                              0x080059cd   Thumb Code   122  draw.o(.text)
    draw_string_P                            0x08005a47   Thumb Code    54  draw.o(.text)
    draw_clearArea                           0x08005a7d   Thumb Code    14  draw.o(.text)
    draw_end                                 0x08005a8b   Thumb Code     4  draw.o(.text)
    millis_init                              0x08005aa5   Thumb Code   118  millis.o(.text)
    Task_operater                            0x08005b1b   Thumb Code   116  millis.o(.text)
    ADC_operater_timer                       0x08005b8f   Thumb Code   116  millis.o(.text)
    millis_get                               0x08005c03   Thumb Code     6  millis.o(.text)
    TIM2_IRQHandler                          0x08005c09   Thumb Code   952  millis.o(.text)
    TIM4_IRQHandler                          0x08005fc1   Thumb Code    54  millis.o(.text)
    time_wake                                0x08006041   Thumb Code    18  time.o(.text)
    time_init                                0x08006053   Thumb Code     2  time.o(.text)
    time_sleep                               0x08006055   Thumb Code     8  time.o(.text)
    time_shutdown                            0x0800605d   Thumb Code     8  time.o(.text)
    time_timeMode                            0x08006065   Thumb Code    76  time.o(.text)
    time_set                                 0x080060b1   Thumb Code    30  time.o(.text)
    time_isLeapYear                          0x080060cf   Thumb Code    12  time.o(.text)
    time_dow                                 0x080060db   Thumb Code    92  time.o(.text)
    time_monthDayCount                       0x08006137   Thumb Code    24  time.o(.text)
    time_timeStr                             0x0800614f   Thumb Code    26  time.o(.text)
    time_update                              0x08006169   Thumb Code   122  time.o(.text)
    tune_play                                0x0800623d   Thumb Code    28  tune.o(.text)
    tune_stop                                0x08006259   Thumb Code    24  tune.o(.text)
    pwrmgr_init                              0x08006279   Thumb Code    10  pwrmgr.o(.text)
    pwrmgr_update                            0x08006283   Thumb Code    70  pwrmgr.o(.text)
    pwrmgr_userActive                        0x080062c9   Thumb Code    14  pwrmgr.o(.text)
    InitGraph                                0x080062dd   Thumb Code     4  oled_basic.o(.text)
    ClearScreen                              0x080062e1   Thumb Code     6  oled_basic.o(.text)
    UpdateScreen                             0x080062e7   Thumb Code     4  oled_basic.o(.text)
    FillByte                                 0x080062eb   Thumb Code    48  oled_basic.o(.text)
    FillRect                                 0x0800631b   Thumb Code   184  oled_basic.o(.text)
    FillVerticalLine                         0x080063d3   Thumb Code   142  oled_basic.o(.text)
    mySqrt                                   0x08006461   Thumb Code    32  oled_basic.o(.text)
    sqrt_16                                  0x08006481   Thumb Code    54  oled_basic.o(.text)
    SetAngle                                 0x08006581   Thumb Code    46  oled_basic.o(.text)
    SetAnggleDir                             0x080065af   Thumb Code     8  oled_basic.o(.text)
    SetRotateCenter                          0x080065b7   Thumb Code    10  oled_basic.o(.text)
    SetRotateValue                           0x080065c1   Thumb Code    22  oled_basic.o(.text)
    GetRotateXY                              0x080065d7   Thumb Code    50  oled_basic.o(.text)
    FloodFill                                0x08006609   Thumb Code    96  oled_basic.o(.text)
    GetLengthUp                              0x08006669   Thumb Code    40  oled_basic.o(.text)
    GetLengthDown                            0x08006691   Thumb Code    42  oled_basic.o(.text)
    FloodFill2                               0x080066bb   Thumb Code   134  oled_basic.o(.text)
    pgm_read_byte                            0x08006741   Thumb Code     4  oled_basic.o(.text)
    oled_pow                                 0x08006745   Thumb Code    16  oled_basic.o(.text)
    FrameRateUpdateScreen                    0x08006755   Thumb Code    40  oled_basic.o(.text)
    WaitTimeMs                               0x0800677d   Thumb Code    10  oled_basic.o(.text)
    UpdateScreenPiece                        0x08006787   Thumb Code     2  oled_basic.o(.text)
    SetTempBuffer                            0x080067a1   Thumb Code     8  oled_buffer.o(.text)
    SetScreenBuffer                          0x080067a9   Thumb Code     8  oled_buffer.o(.text)
    GetSelectedBuffer                        0x080067b1   Thumb Code     6  oled_buffer.o(.text)
    ReadByteBuffer                           0x080067b7   Thumb Code    20  oled_buffer.o(.text)
    WriteByteBuffer                          0x080067cb   Thumb Code    20  oled_buffer.o(.text)
    SetPointBuffer                           0x080067df   Thumb Code    46  oled_buffer.o(.text)
    GetPointBuffer                           0x0800680d   Thumb Code    36  oled_buffer.o(.text)
    UpdateScreenDisplay                      0x08006831   Thumb Code     4  oled_buffer.o(.text)
    ClearScreenBuffer                        0x08006835   Thumb Code    10  oled_buffer.o(.text)
    ClearTempBuffer                          0x0800683f   Thumb Code     8  oled_buffer.o(.text)
    TempBufferFunc                           0x08006847   Thumb Code    94  oled_buffer.o(.text)
    SetDrawColor                             0x080068a9   Thumb Code     6  oled_color.o(.text)
    GetDrawColor                             0x080068af   Thumb Code     6  oled_color.o(.text)
    SetFillcolor                             0x080068b5   Thumb Code     6  oled_color.o(.text)
    GetFillColor                             0x080068bb   Thumb Code     6  oled_color.o(.text)
    DriverInit                               0x080068c5   Thumb Code    14  oled_config.o(.text)
    UpdateScreenBuffer                       0x080068d3   Thumb Code     6  oled_config.o(.text)
    UpdateTempBuffer                         0x080068d9   Thumb Code     6  oled_config.o(.text)
    OledTimeMsFunc                           0x080068df   Thumb Code    14  oled_config.o(.text)
    SW_SPI_Configuration                     0x080068f9   Thumb Code   126  oled_driver.o(.text)
    WriteCmd                                 0x08006977   Thumb Code   100  oled_driver.o(.text)
    WriteDat                                 0x080069db   Thumb Code   100  oled_driver.o(.text)
    OLED_FILL                                0x08006a3f   Thumb Code    56  oled_driver.o(.text)
    OLED_CLS                                 0x08006a77   Thumb Code    52  oled_driver.o(.text)
    OLED_Init                                0x08006aab   Thumb Code   176  oled_driver.o(.text)
    OLED_ON                                  0x08006b5b   Thumb Code    22  oled_driver.o(.text)
    OLED_OFF                                 0x08006b71   Thumb Code    22  oled_driver.o(.text)
    gui_print_s                              0x08006b91   Thumb Code    18  gui_log_console.o(.text)
    up_line                                  0x08006ba3   Thumb Code    22  gui_log_console.o(.text)
    down_line                                0x08006bb9   Thumb Code    22  gui_log_console.o(.text)
    console_loop_show                        0x08006bcf   Thumb Code    62  gui_log_console.o(.text)
    strcopy_cnt                              0x08006c0d   Thumb Code    24  gui_log_console.o(.text)
    find_huanhang_str_idx                    0x08006c25   Thumb Code    72  gui_log_console.o(.text)
    console_log                              0x08006c6d   Thumb Code   240  gui_log_console.o(.text)
    Usart2_Init                              0x08006d71   Thumb Code   176  usart2.o(.text)
    u2_printf                                0x08006e21   Thumb Code    60  usart2.o(.text)
    u2_TxData                                0x08006e5d   Thumb Code    38  usart2.o(.text)
    USART2_IRQHandler                        0x08006e83   Thumb Code    68  usart2.o(.text)
    wifi_wait_data_hander                    0x08006ee5   Thumb Code   248  wait_data_clock.o(.text)
    WiFi_ResetIO_Init                        0x08007019   Thumb Code    52  wifi.o(.text)
    deep_sleep                               0x0800704d   Thumb Code    24  wifi.o(.text)
    light_sleep                              0x08007065   Thumb Code    24  wifi.o(.text)
    cmd_state                                0x0800707d   Thumb Code   108  wifi.o(.text)
    Find_string                              0x080070e9   Thumb Code    66  wifi.o(.text)
    show_time_data                           0x0800712b   Thumb Code    98  wifi.o(.text)
    updata_time_data                         0x0800718d   Thumb Code   176  wifi.o(.text)
    connect_my_phone2                        0x0800723d   Thumb Code   128  wifi.o(.text)
    connect_my_phone                         0x080072bd   Thumb Code   194  wifi.o(.text)
    show_wather_data                         0x0800737f   Thumb Code    94  wifi.o(.text)
    get_weather_cmd                          0x080073dd   Thumb Code   624  wifi.o(.text)
    reset_wifi_cmd                           0x0800764d   Thumb Code    82  wifi.o(.text)
    maxim_sort_ascend                        0x080076fd   Thumb Code    48  algorithm.o(.text)
    maxim_sort_indices_descend               0x0800772d   Thumb Code    56  algorithm.o(.text)
    maxim_remove_close_peaks                 0x08007765   Thumb Code   100  algorithm.o(.text)
    maxim_peaks_above_min_height             0x080077c9   Thumb Code   102  algorithm.o(.text)
    maxim_find_peaks                         0x0800782f   Thumb Code    50  algorithm.o(.text)
    maxim_heart_rate_and_oxygen_saturation   0x08007861   Thumb Code   876  algorithm.o(.text)
    max30102_Bus_Write                       0x08007be1   Thumb Code    62  max30102.o(.text)
    max30102_Bus_Read                        0x08007c1f   Thumb Code    76  max30102.o(.text)
    max30102_FIFO_ReadWords                  0x08007c6b   Thumb Code   158  max30102.o(.text)
    max30102_FIFO_ReadBytes                  0x08007d09   Thumb Code   122  max30102.o(.text)
    max30102_reset                           0x08007d83   Thumb Code    20  max30102.o(.text)
    max30102_init                            0x08007d97   Thumb Code   128  max30102.o(.text)
    max30102_standard                        0x08007e17   Thumb Code     6  max30102.o(.text)
    max30102_standby                         0x08007e1d   Thumb Code     6  max30102.o(.text)
    maxim_max30102_write_reg                 0x08007e23   Thumb Code    10  max30102.o(.text)
    maxim_max30102_read_reg                  0x08007e2d   Thumb Code    10  max30102.o(.text)
    maxim_max30102_read_fifo                 0x08007e37   Thumb Code   116  max30102.o(.text)
    IIC_Init                                 0x08007eb1   Thumb Code    50  myiic.o(.text)
    IIC_Start                                0x08007ee3   Thumb Code    56  myiic.o(.text)
    IIC_Stop                                 0x08007f1b   Thumb Code    58  myiic.o(.text)
    IIC_Wait_Ack                             0x08007f55   Thumb Code    86  myiic.o(.text)
    IIC_Ack                                  0x08007fab   Thumb Code    56  myiic.o(.text)
    IIC_NAck                                 0x08007fe3   Thumb Code    56  myiic.o(.text)
    IIC_Send_Byte                            0x0800801b   Thumb Code    84  myiic.o(.text)
    IIC_Read_Byte                            0x0800806f   Thumb Code   106  myiic.o(.text)
    IIC_WriteBytes                           0x080080d9   Thumb Code    58  myiic.o(.text)
    IIC_ReadBytes                            0x08008113   Thumb Code    96  myiic.o(.text)
    IIC_Read_One_Byte                        0x08008173   Thumb Code    62  myiic.o(.text)
    IIC_Write_One_Byte                       0x080081b1   Thumb Code    56  myiic.o(.text)
    __aeabi_ldivmod                          0x080081f1   Thumb Code    98  ldiv.o(.text)
    __aeabi_memcpy                           0x08008253   Thumb Code    36  memcpya.o(.text)
    __aeabi_memcpy4                          0x08008253   Thumb Code     0  memcpya.o(.text)
    __aeabi_memcpy8                          0x08008253   Thumb Code     0  memcpya.o(.text)
    __aeabi_memset                           0x08008277   Thumb Code    14  memseta.o(.text)
    __aeabi_memset4                          0x08008277   Thumb Code     0  memseta.o(.text)
    __aeabi_memset8                          0x08008277   Thumb Code     0  memseta.o(.text)
    __aeabi_memclr                           0x08008285   Thumb Code     4  memseta.o(.text)
    __aeabi_memclr4                          0x08008285   Thumb Code     0  memseta.o(.text)
    __aeabi_memclr8                          0x08008285   Thumb Code     0  memseta.o(.text)
    _memset$wrapper                          0x08008289   Thumb Code    18  memseta.o(.text)
    strcat                                   0x0800829b   Thumb Code    24  strcat.o(.text)
    strstr                                   0x080082b3   Thumb Code    36  strstr.o(.text)
    strlen                                   0x080082d7   Thumb Code    14  strlen.o(.text)
    memcmp                                   0x080082e5   Thumb Code    26  memcmp.o(.text)
    strcpy                                   0x080082ff   Thumb Code    18  strcpy.o(.text)
    __aeabi_fadd                             0x08008311   Thumb Code   164  fadd.o(.text)
    __aeabi_fsub                             0x080083b5   Thumb Code     6  fadd.o(.text)
    __aeabi_frsub                            0x080083bb   Thumb Code     6  fadd.o(.text)
    __aeabi_fmul                             0x080083c1   Thumb Code   100  fmul.o(.text)
    __aeabi_fdiv                             0x08008425   Thumb Code   124  fdiv.o(.text)
    __ARM_scalbnf                            0x080084a1   Thumb Code    24  fscalb.o(.text)
    scalbnf                                  0x080084a1   Thumb Code     0  fscalb.o(.text)
    __aeabi_dadd                             0x080084b9   Thumb Code   322  dadd.o(.text)
    __aeabi_dsub                             0x080085fb   Thumb Code     6  dadd.o(.text)
    __aeabi_drsub                            0x08008601   Thumb Code     6  dadd.o(.text)
    __aeabi_dmul                             0x08008607   Thumb Code   228  dmul.o(.text)
    __aeabi_ddiv                             0x080086eb   Thumb Code   222  ddiv.o(.text)
    __ARM_scalbn                             0x080087c9   Thumb Code    46  dscalb.o(.text)
    scalbn                                   0x080087c9   Thumb Code     0  dscalb.o(.text)
    __aeabi_i2f                              0x080087f7   Thumb Code    18  fflti.o(.text)
    __aeabi_ui2f                             0x08008809   Thumb Code    10  ffltui.o(.text)
    __aeabi_i2d                              0x08008813   Thumb Code    34  dflti.o(.text)
    __aeabi_f2iz                             0x08008835   Thumb Code    50  ffixi.o(.text)
    __aeabi_f2uiz                            0x08008867   Thumb Code    40  ffixui.o(.text)
    __aeabi_d2iz                             0x0800888f   Thumb Code    62  dfixi.o(.text)
    __aeabi_f2d                              0x080088cd   Thumb Code    38  f2d.o(.text)
    __aeabi_d2f                              0x080088f3   Thumb Code    56  d2f.o(.text)
    __aeabi_cfrcmple                         0x0800892d   Thumb Code    20  cfrcmple.o(.text)
    __aeabi_uidiv                            0x08008941   Thumb Code     0  uidiv.o(.text)
    __aeabi_uidivmod                         0x08008941   Thumb Code    44  uidiv.o(.text)
    __aeabi_uldivmod                         0x0800896d   Thumb Code    98  uldiv.o(.text)
    __aeabi_llsl                             0x080089cf   Thumb Code    30  llshl.o(.text)
    _ll_shift_l                              0x080089cf   Thumb Code     0  llshl.o(.text)
    __aeabi_llsr                             0x080089ed   Thumb Code    32  llushr.o(.text)
    _ll_ushift_r                             0x080089ed   Thumb Code     0  llushr.o(.text)
    __aeabi_lasr                             0x08008a0d   Thumb Code    36  llsshr.o(.text)
    _ll_sshift_r                             0x08008a0d   Thumb Code     0  llsshr.o(.text)
    __I$use$fp                               0x08008a31   Thumb Code     0  iusefp.o(.text)
    _float_round                             0x08008a31   Thumb Code    18  fepilogue.o(.text)
    _float_epilogue                          0x08008a43   Thumb Code    92  fepilogue.o(.text)
    _double_round                            0x08008a9f   Thumb Code    30  depilogue.o(.text)
    _double_epilogue                         0x08008abd   Thumb Code   156  depilogue.o(.text)
    __aeabi_d2ulz                            0x08008b59   Thumb Code    48  dfixul.o(.text)
    __aeabi_cdrcmple                         0x08008b89   Thumb Code    48  cdrcmple.o(.text)
    __scatterload                            0x08008bb9   Thumb Code    28  init.o(.text)
    __scatterload_rt2                        0x08008bb9   Thumb Code     0  init.o(.text)
    _dsqrt                                   0x08008bdd   Thumb Code   162  dsqrt.o(.text)
    __aeabi_ui2d                             0x08008c7f   Thumb Code    26  dfltui.o(.text)
    __decompress                             0x08008c99   Thumb Code     0  __dczerorl2.o(.text)
    __decompress1                            0x08008c99   Thumb Code    86  __dczerorl2.o(.text)
    __0printf                                0x08008cf1   Thumb Code    22  printfa.o(i.__0printf)
    __1printf                                0x08008cf1   Thumb Code     0  printfa.o(i.__0printf)
    __2printf                                0x08008cf1   Thumb Code     0  printfa.o(i.__0printf)
    __c89printf                              0x08008cf1   Thumb Code     0  printfa.o(i.__0printf)
    printf                                   0x08008cf1   Thumb Code     0  printfa.o(i.__0printf)
    __0sprintf                               0x08008d11   Thumb Code    34  printfa.o(i.__0sprintf)
    __1sprintf                               0x08008d11   Thumb Code     0  printfa.o(i.__0sprintf)
    __2sprintf                               0x08008d11   Thumb Code     0  printfa.o(i.__0sprintf)
    __c89sprintf                             0x08008d11   Thumb Code     0  printfa.o(i.__0sprintf)
    sprintf                                  0x08008d11   Thumb Code     0  printfa.o(i.__0sprintf)
    __0vsprintf                              0x08008d39   Thumb Code    30  printfa.o(i.__0vsprintf)
    __1vsprintf                              0x08008d39   Thumb Code     0  printfa.o(i.__0vsprintf)
    __2vsprintf                              0x08008d39   Thumb Code     0  printfa.o(i.__0vsprintf)
    __c89vsprintf                            0x08008d39   Thumb Code     0  printfa.o(i.__0vsprintf)
    vsprintf                                 0x08008d39   Thumb Code     0  printfa.o(i.__0vsprintf)
    __ARM_fpclassify                         0x08008d5d   Thumb Code    40  fpclassify.o(i.__ARM_fpclassify)
    __ieee754_rem_pio2                       0x08008d85   Thumb Code   828  rred.o(i.__ieee754_rem_pio2)
    __kernel_cos                             0x0800910d   Thumb Code   230  cos_i.o(i.__kernel_cos)
    __kernel_poly                            0x08009209   Thumb Code   170  poly.o(i.__kernel_poly)
    __kernel_sin                             0x080092b5   Thumb Code   224  sin_i.o(i.__kernel_sin)
    __mathlib_dbl_infnan                     0x080093a1   Thumb Code     6  dunder.o(i.__mathlib_dbl_infnan)
    __mathlib_dbl_infnan2                    0x080093a7   Thumb Code     4  dunder.o(i.__mathlib_dbl_infnan2)
    __mathlib_dbl_invalid                    0x080093ab   Thumb Code    12  dunder.o(i.__mathlib_dbl_invalid)
    __mathlib_dbl_underflow                  0x080093b9   Thumb Code    10  dunder.o(i.__mathlib_dbl_underflow)
    __scatterload_copy                       0x080093c9   Thumb Code    14  handlers.o(i.__scatterload_copy)
    __scatterload_null                       0x080093d7   Thumb Code     2  handlers.o(i.__scatterload_null)
    __scatterload_zeroinit                   0x080093d9   Thumb Code    14  handlers.o(i.__scatterload_zeroinit)
    __set_errno                              0x080093e9   Thumb Code     6  errno.o(i.__set_errno)
    asin                                     0x08009c91   Thumb Code   572  asin.o(i.asin)
    atan                                     0x08009f01   Thumb Code   474  atan.o(i.atan)
    atan2                                    0x0800a121   Thumb Code   346  atan2.o(i.atan2)
    cos                                      0x0800a2a1   Thumb Code   148  cos.o(i.cos)
    free                                     0x0800a33d   Thumb Code    76  malloc.o(i.free)
    malloc                                   0x0800a38d   Thumb Code    92  malloc.o(i.malloc)
    sin                                      0x0800a3f9   Thumb Code   150  sin.o(i.sin)
    sqrt                                     0x0800a499   Thumb Code    76  sqrt.o(i.sqrt)
    reg                                      0x0800a4e4   Data          27  inv_mpu.o(.constdata)
    hw                                       0x0800a500   Data          12  inv_mpu.o(.constdata)
    test                                     0x0800a50c   Data          40  inv_mpu.o(.constdata)
    smallFont                                0x0800b12a   Data         485  resources.o(.constdata)
    tuneBtn1                                 0x0800b31c   Data          16  tunes.o(.constdata)
    tuneBtn2                                 0x0800b32c   Data          16  tunes.o(.constdata)
    tuneBtn3                                 0x0800b33c   Data          16  tunes.o(.constdata)
    auw_hamm                                 0x0800b34c   Data          62  algorithm.o(.constdata)
    uch_spo2_table                           0x0800b38a   Data         184  algorithm.o(.constdata)
    __mathlib_zero                           0x0800b560   Data           8  qnan.o(.constdata)
    Region$$Table$$Base                      0x0800b73c   Number         0  anon$$obj.o(Region$$Table)
    Region$$Table$$Limit                     0x0800b75c   Number         0  anon$$obj.o(Region$$Table)
    ii                                       0x20000000   Data           1  main.o(.data)
    NetTimeTask                              0x20000001   Data           1  main.o(.data)
    PostData                                 0x20000002   Data           1  main.o(.data)
    PostOK                                   0x20000003   Data           1  main.o(.data)
    measure_mod                              0x20000004   Data           1  main.o(.data)
    ch_spo2_valid                            0x20000005   Data           1  main.o(.data)
    ch_hr_valid                              0x20000006   Data           1  main.o(.data)
    n_ir_buffer_length                       0x20000008   Data           4  main.o(.data)
    a                                        0x2000000c   Data           4  main.o(.data)
    n_sp02                                   0x20000010   Data           4  main.o(.data)
    n_heart_rate                             0x20000014   Data           4  main.o(.data)
    n_brightness                             0x20000018   Data           4  main.o(.data)
    temperiture                              0x2000001c   Data           1  main.o(.data)
    humi                                     0x2000001d   Data           1  main.o(.data)
    SystemCoreClock                          0x20000020   Data           4  system_stm32f10x.o(.data)
    AHBPrescTable                            0x20000024   Data          16  system_stm32f10x.o(.data)
    oledBuffer                               0x20000044   Data           1  lcd.o(.data)
    u1_finish                                0x20000054   Data           1  usart.o(.data)
    u1_recive                                0x20000055   Data           1  usart.o(.data)
    USART1_RX_STA                            0x20000056   Data           2  usart.o(.data)
    u1_sys_time                              0x20000058   Data           4  usart.o(.data)
    u1_disconnect                            0x2000005c   Data           4  usart.o(.data)
    __stdout                                 0x20000060   Data           4  usart.o(.data)
    TDS_value                                0x20000064   Data           2  bsp_adc.o(.data)
    ADC_ConvertedValue                       0x20000066   Data           2  bsp_adc.o(.data)
    temp_data                                0x20000068   Data           4  bsp_adc.o(.data)
    compensationCoefficient                  0x2000006c   Data           4  bsp_adc.o(.data)
    TDS_voltage                              0x20000070   Data           4  bsp_adc.o(.data)
    compensationVolatge                      0x20000074   Data           4  bsp_adc.o(.data)
    u3_finish                                0x20000078   Data           1  usart3.o(.data)
    USART3_debug_buffer                      0x20000079   Data           1  usart3.o(.data)
    u3_recive                                0x2000007a   Data           1  usart3.o(.data)
    USART3_TxBuff                            0x20000080   Data           1  usart3.o(.data)
    USART3_RX_STA                            0x20000082   Data           2  usart3.o(.data)
    u3_sys_time                              0x20000084   Data           4  usart3.o(.data)
    u3_disconnect                            0x20000088   Data           4  usart3.o(.data)
    imu_run                                  0x200000c4   Data           1  mpu_task.o(.data)
    delta                                    0x200000c5   Data           1  mpu_task.o(.data)
    pitch                                    0x200000cc   Data           4  mpu_task.o(.data)
    roll                                     0x200000d0   Data           4  mpu_task.o(.data)
    yaw                                      0x200000d4   Data           4  mpu_task.o(.data)
    isPressed                                0x200000f0   Data           3  buttons.o(.data)
    MY_FPS                                   0x200000f8   Data           1  display.o(.data)
    Post_time                                0x20000114   Data           4  millis.o(.data)
    milliseconds                             0x20000118   Data           4  millis.o(.data)
    update                                   0x2000011c   Data           1  time.o(.data)
    timeDate                                 0x2000011d   Data           8  time.o(.data)
    keep_on                                  0x20000130   Data           1  pwrmgr.o(.data)
    sensor_run                               0x20000134   Data           1  postdata.o(.data)
    Net_debug                                0x20000140   Data           1  net_debug.o(.data)
    debug_begin                              0x20000144   Data           4  net_debug.o(.data)
    Build_server                             0x20000148   Data           1  build_server.o(.data)
    server_begin                             0x2000014c   Data           4  build_server.o(.data)
    OledTimeMs                               0x20000150   Data           4  oled_basic.o(.data)
    _RoateValue                              0x2000015c   Data          16  oled_basic.o(.data)
    ScreenBuffer                             0x2000016c   Data           1  oled_buffer.o(.data)
    TempBuffer                               0x2000016d   Data           1  oled_buffer.o(.data)
    OledTimeMs1                              0x20000174   Data           4  oled_config.o(.data)
    new_line_flag                            0x20000178   Data           1  gui_log_console.o(.data)
    LOOP_SHOW_MD                             0x20000179   Data           1  gui_log_console.o(.data)
    NEW_LINE_AMI                             0x2000017a   Data           1  gui_log_console.o(.data)
    r_off_set                                0x2000017d   Data           1  gui_log_console.o(.data)
    r_kee                                    0x2000017e   Data           1  gui_log_console.o(.data)
    firststr_buff                            0x20000180   Data           1  gui_log_console.o(.data)
    now_str_length                           0x20000181   Data           1  gui_log_console.o(.data)
    pix_show_idx                             0x20000182   Data           2  gui_log_console.o(.data)
    Usart2_RxCompleted                       0x20000184   Data           1  usart2.o(.data)
    new_info                                 0x20000188   Data           1  usart2.o(.data)
    signal                                   0x20000189   Data           1  usart2.o(.data)
    Usart2_RxCounter                         0x2000018c   Data           4  usart2.o(.data)
    is_wifi_data_start                       0x20000190   Data           1  wait_data_clock.o(.data)
    wifi_time_cnt                            0x20000191   Data           1  wait_data_clock.o(.data)
    DebugOK                                  0x20000192   Data           1  wait_data_clock.o(.data)
    id_from                                  0x20000193   Data           1  wait_data_clock.o(.data)
    id_to                                    0x20000194   Data           1  wait_data_clock.o(.data)
    size                                     0x20000195   Data           1  wait_data_clock.o(.data)
    AT_state                                 0x20000199   Data           1  wifi.o(.data)
    ServerIP2                                0x2000019c   Data           4  wifi.o(.data)
    ServerIP3                                0x200001a0   Data           4  wifi.o(.data)
    ServerPort                               0x200001a4   Data           4  wifi.o(.data)
    CMD_S                                    0x200001a8   Data          10  wifi.o(.data)
    cmd_finish                               0x200001b4   Data           1  wifi_cmd_task.o(.data)
    skip_aim_flag                            0x200001b5   Data           1  wifi_cmd_task.o(.data)
    __microlib_freelist                      0x200001c0   Data           4  mvars.o(.data)
    __microlib_freelist_initialised          0x200001c4   Data           4  mvars.o(.data)
    get_rcc_clock                            0x200001cc   Data          20  main.o(.bss)
    aun_ir_buffer                            0x200001e0   Data        2000  main.o(.bss)
    aun_red_buffer                           0x200009b0   Data        2000  main.o(.bss)
    usart1_debug_buffer                      0x20001180   Data         200  usart.o(.bss)
    USART1_RX_BUF                            0x20001248   Data          22  usart.o(.bss)
    USART1_TxBuff                            0x20001260   Data         200  usart.o(.bss)
    USART1_TX_BUF                            0x20001328   Data          44  usart.o(.bss)
    USART3_RX_BUF                            0x20001354   Data          24  usart3.o(.bss)
    USART3_TX_BUF                            0x2000136c   Data          24  usart3.o(.bss)
    appConfig                                0x200013a0   Data          12  appconfig.o(.bss)
    string_buff                              0x200013e5   Data          20  gui_log_console.o(.bss)
    Usart2_RxBuff                            0x20001400   Data        1024  usart2.o(.bss)
    USART2_TxBuff                            0x20001800   Data         512  usart2.o(.bss)
    Transfer_buff                            0x20001a00   Data         100  wait_data_clock.o(.bss)
    Data_buff                                0x20001a64   Data        1024  wifi.o(.bss)
    time_str_buf                             0x20001e64   Data          40  wifi.o(.bss)
    __heap_base                              0x200035f0   Data           0  startup_stm32f10x_md.o(HEAP)
    __heap_limit                             0x200037f0   Data           0  startup_stm32f10x_md.o(HEAP)
    __initial_sp                             0x20003bf0   Data           0  startup_stm32f10x_md.o(STACK)



==============================================================================

Memory Map of the image

  Image Entry point : 0x080000ed

  Load Region LR_IROM1 (Base: 0x08000000, Size: 0x0000b928, Max: 0x00010000, ABSOLUTE, COMPRESSED[0x0000b7bc])

    Execution Region ER_IROM1 (Base: 0x08000000, Size: 0x0000b75c, Max: 0x00010000, ABSOLUTE)

    Base Addr    Size         Type   Attr      Idx    E Section Name        Object

    0x08000000   0x000000ec   Data   RO          841    RESET               startup_stm32f10x_md.o
    0x080000ec   0x00000000   Code   RO         1887  * .ARM.Collect$$$$00000000  mc_w.l(entry.o)
    0x080000ec   0x00000004   Code   RO         2282    .ARM.Collect$$$$00000001  mc_w.l(entry2.o)
    0x080000f0   0x00000004   Code   RO         2285    .ARM.Collect$$$$00000004  mc_w.l(entry5.o)
    0x080000f4   0x00000000   Code   RO         2287    .ARM.Collect$$$$00000008  mc_w.l(entry7b.o)
    0x080000f4   0x00000000   Code   RO         2289    .ARM.Collect$$$$0000000A  mc_w.l(entry8b.o)
    0x080000f4   0x00000008   Code   RO         2290    .ARM.Collect$$$$0000000B  mc_w.l(entry9a.o)
    0x080000fc   0x00000000   Code   RO         2292    .ARM.Collect$$$$0000000D  mc_w.l(entry10a.o)
    0x080000fc   0x00000000   Code   RO         2294    .ARM.Collect$$$$0000000F  mc_w.l(entry11a.o)
    0x080000fc   0x00000004   Code   RO         2283    .ARM.Collect$$$$00002712  mc_w.l(entry2.o)
    0x08000100   0x00000594   Code   RO            1    .text               main.o
    0x08000694   0x00000012   Code   RO          389    .text               stm32f10x_it.o
    0x080006a6   0x00000002   PAD
    0x080006a8   0x00000158   Code   RO          430    .text               system_stm32f10x.o
    0x08000800   0x00000100   Code   RO          448    .text               led.o
    0x08000900   0x0000007c   Code   RO          483    .text               lcd.o
    0x0800097c   0x000001b8   Code   RO          545    .text               beep.o
    0x08000b34   0x00000198   Code   RO          559    .text               usart.o
    0x08000ccc   0x00000178   Code   RO          591    .text               dht11.o
    0x08000e44   0x0000015c   Code   RO          604    .text               bsp_adc.o
    0x08000fa0   0x0000018c   Code   RO          643    .text               usart3.o
    0x0800112c   0x00001a0c   Code   RO          667    .text               inv_mpu.o
    0x08002b38   0x00000a4c   Code   RO          695    .text               inv_mpu_dmp_motion_driver.o
    0x08003584   0x000002dc   Code   RO          717    .text               mpu6050.o
    0x08003860   0x00000240   Code   RO          730    .text               mpuiic.o
    0x08003aa0   0x00000098   Code   RO          798    .text               delay.o
    0x08003b38   0x00000024   Code   RO          842    .text               startup_stm32f10x_md.o
    0x08003b5c   0x00000264   Code   RO          846    .text               stm32f10x_gpio.o
    0x08003dc0   0x000002b8   Code   RO          858    .text               stm32f10x_rcc.o
    0x08004078   0x00000328   Code   RO          872    .text               stm32f10x_usart.o
    0x080043a0   0x000000b0   Code   RO          884    .text               misc.o
    0x08004450   0x00000af0   Code   RO          896    .text               stm32f10x_tim.o
    0x08004f40   0x00000330   Code   RO          921    .text               stm32f10x_adc.o
    0x08005270   0x000001c8   Code   RO          933    .text               stm32f10x_dma.o
    0x08005438   0x000000c8   Code   RO          957    .text               animation.o
    0x08005500   0x000001b8   Code   RO          990    .text               buttons.o
    0x080056b8   0x000001f0   Code   RO         1024    .text               display.o
    0x080058a8   0x000001fc   Code   RO         1039    .text               draw.o
    0x08005aa4   0x0000059c   Code   RO         1149    .text               millis.o
    0x08006040   0x000001c8   Code   RO         1285    .text               time.o
    0x08006208   0x00000070   Code   RO         1326    .text               tune.o
    0x08006278   0x00000064   Code   RO         1389    .text               pwrmgr.o
    0x080062dc   0x000004c4   Code   RO         1531    .text               oled_basic.o
    0x080067a0   0x00000108   Code   RO         1563    .text               oled_buffer.o
    0x080068a8   0x0000001c   Code   RO         1582    .text               oled_color.o
    0x080068c4   0x00000034   Code   RO         1596    .text               oled_config.o
    0x080068f8   0x00000298   Code   RO         1660    .text               oled_driver.o
    0x08006b90   0x000001e0   Code   RO         1693    .text               gui_log_console.o
    0x08006d70   0x00000174   Code   RO         1719    .text               usart2.o
    0x08006ee4   0x00000134   Code   RO         1740    .text               wait_data_clock.o
    0x08007018   0x000006e4   Code   RO         1756    .text               wifi.o
    0x080076fc   0x000004e4   Code   RO         1811    .text               algorithm.o
    0x08007be0   0x000002d0   Code   RO         1828    .text               max30102.o
    0x08007eb0   0x00000340   Code   RO         1841    .text               myiic.o
    0x080081f0   0x00000062   Code   RO         1890    .text               mc_w.l(ldiv.o)
    0x08008252   0x00000024   Code   RO         1892    .text               mc_w.l(memcpya.o)
    0x08008276   0x00000024   Code   RO         1894    .text               mc_w.l(memseta.o)
    0x0800829a   0x00000018   Code   RO         1896    .text               mc_w.l(strcat.o)
    0x080082b2   0x00000024   Code   RO         1898    .text               mc_w.l(strstr.o)
    0x080082d6   0x0000000e   Code   RO         1900    .text               mc_w.l(strlen.o)
    0x080082e4   0x0000001a   Code   RO         1902    .text               mc_w.l(memcmp.o)
    0x080082fe   0x00000012   Code   RO         1904    .text               mc_w.l(strcpy.o)
    0x08008310   0x000000b0   Code   RO         2197    .text               mf_w.l(fadd.o)
    0x080083c0   0x00000064   Code   RO         2199    .text               mf_w.l(fmul.o)
    0x08008424   0x0000007c   Code   RO         2201    .text               mf_w.l(fdiv.o)
    0x080084a0   0x00000018   Code   RO         2203    .text               mf_w.l(fscalb.o)
    0x080084b8   0x0000014e   Code   RO         2205    .text               mf_w.l(dadd.o)
    0x08008606   0x000000e4   Code   RO         2207    .text               mf_w.l(dmul.o)
    0x080086ea   0x000000de   Code   RO         2209    .text               mf_w.l(ddiv.o)
    0x080087c8   0x0000002e   Code   RO         2211    .text               mf_w.l(dscalb.o)
    0x080087f6   0x00000012   Code   RO         2213    .text               mf_w.l(fflti.o)
    0x08008808   0x0000000a   Code   RO         2215    .text               mf_w.l(ffltui.o)
    0x08008812   0x00000022   Code   RO         2217    .text               mf_w.l(dflti.o)
    0x08008834   0x00000032   Code   RO         2219    .text               mf_w.l(ffixi.o)
    0x08008866   0x00000028   Code   RO         2221    .text               mf_w.l(ffixui.o)
    0x0800888e   0x0000003e   Code   RO         2223    .text               mf_w.l(dfixi.o)
    0x080088cc   0x00000026   Code   RO         2225    .text               mf_w.l(f2d.o)
    0x080088f2   0x00000038   Code   RO         2227    .text               mf_w.l(d2f.o)
    0x0800892a   0x00000002   PAD
    0x0800892c   0x00000014   Code   RO         2229    .text               mf_w.l(cfrcmple.o)
    0x08008940   0x0000002c   Code   RO         2296    .text               mc_w.l(uidiv.o)
    0x0800896c   0x00000062   Code   RO         2298    .text               mc_w.l(uldiv.o)
    0x080089ce   0x0000001e   Code   RO         2300    .text               mc_w.l(llshl.o)
    0x080089ec   0x00000020   Code   RO         2302    .text               mc_w.l(llushr.o)
    0x08008a0c   0x00000024   Code   RO         2304    .text               mc_w.l(llsshr.o)
    0x08008a30   0x00000000   Code   RO         2315    .text               mc_w.l(iusefp.o)
    0x08008a30   0x0000006e   Code   RO         2316    .text               mf_w.l(fepilogue.o)
    0x08008a9e   0x000000ba   Code   RO         2318    .text               mf_w.l(depilogue.o)
    0x08008b58   0x00000030   Code   RO         2320    .text               mf_w.l(dfixul.o)
    0x08008b88   0x00000030   Code   RO         2322    .text               mf_w.l(cdrcmple.o)
    0x08008bb8   0x00000024   Code   RO         2324    .text               mc_w.l(init.o)
    0x08008bdc   0x000000a2   Code   RO         2326    .text               mf_w.l(dsqrt.o)
    0x08008c7e   0x0000001a   Code   RO         2328    .text               mf_w.l(dfltui.o)
    0x08008c98   0x00000056   Code   RO         2340    .text               mc_w.l(__dczerorl2.o)
    0x08008cee   0x00000002   PAD
    0x08008cf0   0x00000020   Code   RO         2141    i.__0printf         mc_w.l(printfa.o)
    0x08008d10   0x00000028   Code   RO         2143    i.__0sprintf        mc_w.l(printfa.o)
    0x08008d38   0x00000024   Code   RO         2147    i.__0vsprintf       mc_w.l(printfa.o)
    0x08008d5c   0x00000028   Code   RO         2258    i.__ARM_fpclassify  m_ws.l(fpclassify.o)
    0x08008d84   0x00000388   Code   RO         2263    i.__ieee754_rem_pio2  m_ws.l(rred.o)
    0x0800910c   0x000000fc   Code   RO         2241    i.__kernel_cos      m_ws.l(cos_i.o)
    0x08009208   0x000000aa   Code   RO         2260    i.__kernel_poly     m_ws.l(poly.o)
    0x080092b2   0x00000002   PAD
    0x080092b4   0x000000ec   Code   RO         2268    i.__kernel_sin      m_ws.l(sin_i.o)
    0x080093a0   0x00000006   Code   RO         2245    i.__mathlib_dbl_infnan  m_ws.l(dunder.o)
    0x080093a6   0x00000004   Code   RO         2246    i.__mathlib_dbl_infnan2  m_ws.l(dunder.o)
    0x080093aa   0x0000000c   Code   RO         2247    i.__mathlib_dbl_invalid  m_ws.l(dunder.o)
    0x080093b6   0x00000002   PAD
    0x080093b8   0x00000010   Code   RO         2250    i.__mathlib_dbl_underflow  m_ws.l(dunder.o)
    0x080093c8   0x0000000e   Code   RO         2334    i.__scatterload_copy  mc_w.l(handlers.o)
    0x080093d6   0x00000002   Code   RO         2335    i.__scatterload_null  mc_w.l(handlers.o)
    0x080093d8   0x0000000e   Code   RO         2336    i.__scatterload_zeroinit  mc_w.l(handlers.o)
    0x080093e6   0x00000002   PAD
    0x080093e8   0x0000000c   Code   RO         2310    i.__set_errno       mc_w.l(errno.o)
    0x080093f4   0x00000164   Code   RO         2148    i._fp_digits        mc_w.l(printfa.o)
    0x08009558   0x000006dc   Code   RO         2149    i._printf_core      mc_w.l(printfa.o)
    0x08009c34   0x00000024   Code   RO         2150    i._printf_post_padding  mc_w.l(printfa.o)
    0x08009c58   0x0000002e   Code   RO         2151    i._printf_pre_padding  mc_w.l(printfa.o)
    0x08009c86   0x0000000a   Code   RO         2153    i._sputc            mc_w.l(printfa.o)
    0x08009c90   0x00000270   Code   RO         1854    i.asin              m_ws.l(asin.o)
    0x08009f00   0x00000220   Code   RO         2232    i.atan              m_ws.l(atan.o)
    0x0800a120   0x00000180   Code   RO         1864    i.atan2             m_ws.l(atan2.o)
    0x0800a2a0   0x0000009c   Code   RO         1872    i.cos               m_ws.l(cos.o)
    0x0800a33c   0x00000050   Code   RO         2169    i.free              mc_w.l(malloc.o)
    0x0800a38c   0x0000006c   Code   RO         2170    i.malloc            mc_w.l(malloc.o)
    0x0800a3f8   0x000000a0   Code   RO         1880    i.sin               m_ws.l(sin.o)
    0x0800a498   0x0000004c   Code   RO         2275    i.sqrt              m_ws.l(sqrt.o)
    0x0800a4e4   0x0000001b   Data   RO          668    .constdata          inv_mpu.o
    0x0800a4ff   0x00000001   PAD
    0x0800a500   0x0000000c   Data   RO          669    .constdata          inv_mpu.o
    0x0800a50c   0x00000028   Data   RO          670    .constdata          inv_mpu.o
    0x0800a534   0x00000bf6   Data   RO          697    .constdata          inv_mpu_dmp_motion_driver.o
    0x0800b12a   0x000001e5   Data   RO         1206    .constdata          resources.o
    0x0800b30f   0x0000000c   Data   RO         1287    .constdata          time.o
    0x0800b31b   0x00000001   PAD
    0x0800b31c   0x00000010   Data   RO         1363    .constdata          tunes.o
    0x0800b32c   0x00000010   Data   RO         1364    .constdata          tunes.o
    0x0800b33c   0x00000010   Data   RO         1365    .constdata          tunes.o
    0x0800b34c   0x000000f6   Data   RO         1813    .constdata          algorithm.o
    0x0800b442   0x00000006   PAD
    0x0800b448   0x00000050   Data   RO         1855    .constdata          m_ws.l(asin.o)
    0x0800b498   0x00000098   Data   RO         2233    .constdata          m_ws.l(atan.o)
    0x0800b530   0x00000030   Data   RO         2242    .constdata          m_ws.l(cos_i.o)
    0x0800b560   0x00000008   Data   RO         2262    .constdata          m_ws.l(qnan.o)
    0x0800b568   0x000000c8   Data   RO         2265    .constdata          m_ws.l(rred.o)
    0x0800b630   0x00000028   Data   RO         2269    .constdata          m_ws.l(sin_i.o)
    0x0800b658   0x0000004d   Data   RO          671    .conststring        inv_mpu.o
    0x0800b6a5   0x00000003   PAD
    0x0800b6a8   0x00000092   Data   RO         1759    .conststring        wifi.o
    0x0800b73a   0x00000002   PAD
    0x0800b73c   0x00000020   Data   RO         2332    Region$$Table       anon$$obj.o


    Execution Region RW_IRAM1 (Base: 0x20000000, Size: 0x00003bf0, Max: 0x00005000, ABSOLUTE, COMPRESSED[0x00000060])

    Base Addr    Size         Type   Attr      Idx    E Section Name        Object

    0x20000000   0x0000001c   Data   RW            5    .data               main.o
    0x2000001c   0x00000001   Data   RW            7    .data               main.o
    0x2000001d   0x00000001   Data   RW            8    .data               main.o
    0x2000001e   0x00000002   PAD
    0x20000020   0x00000014   Data   RW          431    .data               system_stm32f10x.o
    0x20000034   0x00000010   Data   RW          449    .data               led.o
    0x20000044   0x00000001   Data   RW          484    .data               lcd.o
    0x20000045   0x00000003   PAD
    0x20000048   0x0000000c   Data   RW          546    .data               beep.o
    0x20000054   0x0000000c   Data   RW          562    .data               usart.o
    0x20000060   0x00000004   Data   RW          563    .data               usart.o
    0x20000064   0x00000014   Data   RW          607    .data               bsp_adc.o
    0x20000078   0x00000014   Data   RW          646    .data               usart3.o
    0x2000008c   0x00000035   Data   RW          672    .data               inv_mpu.o
    0x200000c1   0x00000003   PAD
    0x200000c4   0x00000014   Data   RW          744    .data               mpu_task.o
    0x200000d8   0x00000004   Data   RW          799    .data               delay.o
    0x200000dc   0x00000014   Data   RW          859    .data               stm32f10x_rcc.o
    0x200000f0   0x00000008   Data   RW          992    .data               buttons.o
    0x200000f8   0x00000016   Data   RW         1025    .data               display.o
    0x2000010e   0x00000002   PAD
    0x20000110   0x0000000c   Data   RW         1150    .data               millis.o
    0x2000011c   0x00000009   Data   RW         1288    .data               time.o
    0x20000125   0x00000003   PAD
    0x20000128   0x00000008   Data   RW         1327    .data               tune.o
    0x20000130   0x00000003   Data   RW         1390    .data               pwrmgr.o
    0x20000133   0x00000001   PAD
    0x20000134   0x0000000c   Data   RW         1448    .data               postdata.o
    0x20000140   0x00000008   Data   RW         1487    .data               net_debug.o
    0x20000148   0x00000008   Data   RW         1506    .data               build_server.o
    0x20000150   0x0000001c   Data   RW         1532    .data               oled_basic.o
    0x2000016c   0x00000003   Data   RW         1564    .data               oled_buffer.o
    0x2000016f   0x00000002   Data   RW         1583    .data               oled_color.o
    0x20000171   0x00000003   PAD
    0x20000174   0x00000004   Data   RW         1597    .data               oled_config.o
    0x20000178   0x0000000c   Data   RW         1696    .data               gui_log_console.o
    0x20000184   0x00000001   Data   RW         1721    .data               usart2.o
    0x20000185   0x00000003   PAD
    0x20000188   0x00000008   Data   RW         1722    .data               usart2.o
    0x20000190   0x00000006   Data   RW         1742    .data               wait_data_clock.o
    0x20000196   0x00000002   PAD
    0x20000198   0x0000001a   Data   RW         1761    .data               wifi.o
    0x200001b2   0x00000002   PAD
    0x200001b4   0x0000000c   Data   RW         1797    .data               wifi_cmd_task.o
    0x200001c0   0x00000004   Data   RW         2306    .data               mc_w.l(mvars.o)
    0x200001c4   0x00000004   Data   RW         2307    .data               mc_w.l(mvars.o)
    0x200001c8   0x00000004   Data   RW         2311    .data               mc_w.l(errno.o)
    0x200001cc   0x00000fb4   Zero   RW            2    .bss                main.o
    0x20001180   0x000001a8   Zero   RW          560    .bss                usart.o
    0x20001328   0x0000002c   Zero   RW          561    .bss                usart.o
    0x20001354   0x00000018   Zero   RW          644    .bss                usart3.o
    0x2000136c   0x00000018   Zero   RW          645    .bss                usart3.o
    0x20001384   0x00000010   Zero   RW          696    .bss                inv_mpu_dmp_motion_driver.o
    0x20001394   0x0000000c   Zero   RW          958    .bss                animation.o
    0x200013a0   0x0000000c   Zero   RW          972    .bss                appconfig.o
    0x200013ac   0x00000030   Zero   RW          991    .bss                buttons.o
    0x200013dc   0x00000009   Zero   RW         1286    .bss                time.o
    0x200013e5   0x00000014   Zero   RW         1694    .bss                gui_log_console.o
    0x200013f9   0x00000007   PAD
    0x20001400   0x00000600   Zero   RW         1720    .bss                usart2.o
    0x20001a00   0x00000064   Zero   RW         1741    .bss                wait_data_clock.o
    0x20001a64   0x00000428   Zero   RW         1757    .bss                wifi.o
    0x20001e8c   0x00001760   Zero   RW         1812    .bss                algorithm.o
    0x200035ec   0x00000004   PAD
    0x200035f0   0x00000200   Zero   RW          840    HEAP                startup_stm32f10x_md.o
    0x200037f0   0x00000400   Zero   RW          839    STACK               startup_stm32f10x_md.o


==============================================================================

Image component sizes


      Code (inc. data)   RO Data    RW Data    ZI Data      Debug   Object Name

      1252         20        246          0       5984       6265   algorithm.o
       200         10          0          0         12       1776   animation.o
         0          0          0          0         12        240   appconfig.o
       440         22          0         12          0       2641   beep.o
       348         38          0         20          0       2139   bsp_adc.o
         0          0          0          8          0        304   build_server.o
       440         32          0          8         48       4110   buttons.o
       152         14          0          4          0       1127   delay.o
       376          8          0          0          0       2308   dht11.o
       496         16          0         22          0       3396   display.o
       508         10          0          0          0       4312   draw.o
       480         20          0         12         20       3999   gui_log_console.o
      6668        180        156         53          0      24751   inv_mpu.o
      2636        118       3062          0         16      15357   inv_mpu_dmp_motion_driver.o
       124         10          0          1          0       2773   lcd.o
       256         26          0         16          0       3548   led.o
      1428        292          0         30       4020     277423   main.o
       720          6          0          0          0       3895   max30102.o
      1436        174          0         12          0       2599   millis.o
       176         14          0          0          0       1941   misc.o
       732         24          0          0          0       4405   mpu6050.o
         0          0          0         20          0       4841   mpu_task.o
       576         10          0          0          0       2996   mpuiic.o
       832          8          0          0          0       3826   myiic.o
         0          0          0          8          0        292   net_debug.o
      1220         24          0         28          0       7684   oled_basic.o
       264          4          0          3          0       3448   oled_buffer.o
        28          4          0          2          0       1154   oled_color.o
        52         12          0          4          0       1130   oled_config.o
       664         10          0          0          0       2111   oled_driver.o
         0          0          0         12          0        273   postdata.o
       100          6          0          3          0       1764   pwrmgr.o
         0          0        485          0          0       2846   resources.o
        36          8        236          0       1536        788   startup_stm32f10x_md.o
       816         24          0          0          0      11393   stm32f10x_adc.o
       456         10          0          0          0       4694   stm32f10x_dma.o
       612         36          0          0          0       6069   stm32f10x_gpio.o
        18          0          0          0          0       1178   stm32f10x_it.o
       696         32          0         20          0       9068   stm32f10x_rcc.o
      2800         84          0          0          0      24006   stm32f10x_tim.o
       808         22          0          0          0       8932   stm32f10x_usart.o
         0          0          0          0          0         32   sys.o
       344         34          0         20          0       1843   system_stm32f10x.o
       456         38         12          9          9       3823   time.o
       112          8          0          8          0       1534   tune.o
         0          0         48          0          0        871   tunes.o
       408         28          0         16        468       4500   usart.o
       372         30          0          9       1536       2489   usart2.o
       396         30          0         20         48       2482   usart3.o
       308         60          0          6        100       1676   wait_data_clock.o
      1764        520        146         26       1064       4469   wifi.o
         0          0          0         12          0       2259   wifi_cmd_task.o

    ----------------------------------------------------------------------
     33008       2076       4436        448      14884     493780   Object Totals
         0          0         32          0          0          0   (incl. Generated)
         2          0         13         24         11          0   (incl. Padding)

    ----------------------------------------------------------------------

      Code (inc. data)   RO Data    RW Data    ZI Data      Debug   Library Member Name

       624         52         80          0          0        168   asin.o
       544         70        152          0          0        124   atan.o
       384         38          0          0          0        144   atan2.o
       156          8          0          0          0        104   cos.o
       252         22         48          0          0        124   cos_i.o
        38          6          0          0          0        272   dunder.o
        40          0          0          0          0         68   fpclassify.o
       170          0          0          0          0         96   poly.o
         0          0          8          0          0          0   qnan.o
       904         76        200          0          0        140   rred.o
       160         10          0          0          0        108   sin.o
       236         12         40          0          0        128   sin_i.o
        76          0          0          0          0         84   sqrt.o
        86          0          0          0          0          0   __dczerorl2.o
         0          0          0          0          0          0   entry.o
         0          0          0          0          0          0   entry10a.o
         0          0          0          0          0          0   entry11a.o
         8          4          0          0          0          0   entry2.o
         4          0          0          0          0          0   entry5.o
         0          0          0          0          0          0   entry7b.o
         0          0          0          0          0          0   entry8b.o
         8          4          0          0          0          0   entry9a.o
        12          6          0          4          0         68   errno.o
        30          0          0          0          0          0   handlers.o
        36          8          0          0          0         68   init.o
         0          0          0          0          0          0   iusefp.o
        98          0          0          0          0         84   ldiv.o
        30          0          0          0          0         68   llshl.o
        36          0          0          0          0         68   llsshr.o
        32          0          0          0          0         68   llushr.o
       188         20          0          0          0        160   malloc.o
        26          0          0          0          0         80   memcmp.o
        36          0          0          0          0         68   memcpya.o
        36          0          0          0          0        108   memseta.o
         0          0          0          8          0          0   mvars.o
      2312        102          0          0          0        676   printfa.o
        24          0          0          0          0         68   strcat.o
        18          0          0          0          0         68   strcpy.o
        14          0          0          0          0         68   strlen.o
        36          0          0          0          0         80   strstr.o
        44          0          0          0          0         80   uidiv.o
        98          0          0          0          0         92   uldiv.o
        48          0          0          0          0         68   cdrcmple.o
        20          0          0          0          0         68   cfrcmple.o
        56          0          0          0          0         88   d2f.o
       334          0          0          0          0        148   dadd.o
       222          0          0          0          0        100   ddiv.o
       186          0          0          0          0        176   depilogue.o
        62          0          0          0          0         80   dfixi.o
        48          0          0          0          0         68   dfixul.o
        34          0          0          0          0         76   dflti.o
        26          0          0          0          0         76   dfltui.o
       228          0          0          0          0         96   dmul.o
        46          0          0          0          0         80   dscalb.o
       162          0          0          0          0        100   dsqrt.o
        38          0          0          0          0         68   f2d.o
       176          0          0          0          0        140   fadd.o
       124          0          0          0          0         88   fdiv.o
       110          0          0          0          0        168   fepilogue.o
        50          0          0          0          0         68   ffixi.o
        40          0          0          0          0         68   ffixui.o
        18          0          0          0          0         68   fflti.o
        10          0          0          0          0         68   ffltui.o
       100          0          0          0          0         76   fmul.o
        24          0          0          0          0         68   fscalb.o

    ----------------------------------------------------------------------
      8968        438        528         12          0       5636   Library Totals
        10          0          0          0          0          0   (incl. Padding)

    ----------------------------------------------------------------------

      Code (inc. data)   RO Data    RW Data    ZI Data      Debug   Library Name

      3584        294        528          0          0       1560   m_ws.l
      3212        144          0         12          0       1972   mc_w.l
      2162          0          0          0          0       2104   mf_w.l

    ----------------------------------------------------------------------
      8968        438        528         12          0       5636   Library Totals

    ----------------------------------------------------------------------

==============================================================================


      Code (inc. data)   RO Data    RW Data    ZI Data      Debug   

     41976       2514       4964        460      14884     491172   Grand Totals
     41976       2514       4964         96      14884     491172   ELF Image Totals (compressed)
     41976       2514       4964         96          0          0   ROM Totals

==============================================================================

    Total RO  Size (Code + RO Data)                46940 (  45.84kB)
    Total RW  Size (RW Data + ZI Data)             15344 (  14.98kB)
    Total ROM Size (Code + RO Data + RW Data)      47036 (  45.93kB)

==============================================================================

